
===========================================================================
report_checks -path_delay max (Setup)
============================================================================
======================= Fastest Corner ===================================

Startpoint: opcode[1] (input port clocked by __VIRTUAL_CLK__)
Endpoint: out[7] (output port clocked by __VIRTUAL_CLK__)
Path Group: __VIRTUAL_CLK__
Path Type: max
Corner: Fastest

Fanout     Cap    Slew   Delay    Time   Description
-----------------------------------------------------------------------------
                  0.00    0.00    0.00   clock __VIRTUAL_CLK__ (rise edge)
                          0.00    0.00   clock network delay (ideal)
                          2.00    2.00 ^ input external delay
     1    0.00    0.01    0.01    2.01 ^ opcode[1] (in)
                                         opcode[1] (net)
                  0.01    0.00    2.01 ^ input18/A (sky130_fd_sc_hd__dlymetal6s2s_1)
     5    0.02    0.17    0.15    2.16 ^ input18/X (sky130_fd_sc_hd__dlymetal6s2s_1)
                                         net18 (net)
                  0.17    0.00    2.16 ^ _222_/B (sky130_fd_sc_hd__nand3b_4)
     8    0.04    0.11    0.11    2.28 v _222_/Y (sky130_fd_sc_hd__nand3b_4)
                                         _150_ (net)
                  0.11    0.00    2.28 v _234_/C (sky130_fd_sc_hd__and3_1)
     2    0.01    0.04    0.17    2.44 v _234_/X (sky130_fd_sc_hd__and3_1)
                                         _001_ (net)
                  0.04    0.00    2.44 v _236_/A1 (sky130_fd_sc_hd__o21a_1)
     4    0.02    0.07    0.17    2.61 v _236_/X (sky130_fd_sc_hd__o21a_1)
                                         _003_ (net)
                  0.07    0.00    2.61 v _239_/B1 (sky130_fd_sc_hd__a211oi_2)
     3    0.01    0.19    0.16    2.77 ^ _239_/Y (sky130_fd_sc_hd__a211oi_2)
                                         _006_ (net)
                  0.19    0.00    2.77 ^ _241_/A2 (sky130_fd_sc_hd__o21ai_2)
     5    0.02    0.07    0.07    2.85 v _241_/Y (sky130_fd_sc_hd__o21ai_2)
                                         _008_ (net)
                  0.07    0.00    2.85 v _248_/A2 (sky130_fd_sc_hd__a311o_2)
     5    0.02    0.07    0.29    3.13 v _248_/X (sky130_fd_sc_hd__a311o_2)
                                         _015_ (net)
                  0.07    0.00    3.14 v _260_/A3 (sky130_fd_sc_hd__a311oi_2)
     3    0.01    0.21    0.26    3.39 ^ _260_/Y (sky130_fd_sc_hd__a311oi_2)
                                         _026_ (net)
                  0.21    0.00    3.39 ^ _280_/A2 (sky130_fd_sc_hd__o21ai_1)
     1    0.00    0.04    0.04    3.43 v _280_/Y (sky130_fd_sc_hd__o21ai_1)
                                         _045_ (net)
                  0.04    0.00    3.43 v _282_/B (sky130_fd_sc_hd__and3_1)
     1    0.00    0.03    0.11    3.54 v _282_/X (sky130_fd_sc_hd__and3_1)
                                         _047_ (net)
                  0.03    0.00    3.54 v _289_/A2 (sky130_fd_sc_hd__o31a_1)
     1    0.00    0.04    0.17    3.71 v _289_/X (sky130_fd_sc_hd__o31a_1)
                                         net27 (net)
                  0.04    0.00    3.71 v output27/A (sky130_fd_sc_hd__buf_2)
     1    0.03    0.06    0.12    3.84 v output27/X (sky130_fd_sc_hd__buf_2)
                                         out[7] (net)
                  0.06    0.00    3.84 v out[7] (out)
                                  3.84   data arrival time

                  0.00   10.00   10.00   clock __VIRTUAL_CLK__ (rise edge)
                          0.00   10.00   clock network delay (ideal)
                         -0.25    9.75   clock uncertainty
                          0.00    9.75   clock reconvergence pessimism
                         -2.00    7.75   output external delay
                                  7.75   data required time
-----------------------------------------------------------------------------
                                  7.75   data required time
                                 -3.84   data arrival time
-----------------------------------------------------------------------------
                                  3.91   slack (MET)


Startpoint: opcode[1] (input port clocked by __VIRTUAL_CLK__)
Endpoint: out[6] (output port clocked by __VIRTUAL_CLK__)
Path Group: __VIRTUAL_CLK__
Path Type: max
Corner: Fastest

Fanout     Cap    Slew   Delay    Time   Description
-----------------------------------------------------------------------------
                  0.00    0.00    0.00   clock __VIRTUAL_CLK__ (rise edge)
                          0.00    0.00   clock network delay (ideal)
                          2.00    2.00 ^ input external delay
     1    0.00    0.01    0.01    2.01 ^ opcode[1] (in)
                                         opcode[1] (net)
                  0.01    0.00    2.01 ^ input18/A (sky130_fd_sc_hd__dlymetal6s2s_1)
     5    0.02    0.17    0.15    2.16 ^ input18/X (sky130_fd_sc_hd__dlymetal6s2s_1)
                                         net18 (net)
                  0.17    0.00    2.16 ^ _222_/B (sky130_fd_sc_hd__nand3b_4)
     8    0.04    0.11    0.11    2.28 v _222_/Y (sky130_fd_sc_hd__nand3b_4)
                                         _150_ (net)
                  0.11    0.00    2.28 v _234_/C (sky130_fd_sc_hd__and3_1)
     2    0.01    0.04    0.17    2.44 v _234_/X (sky130_fd_sc_hd__and3_1)
                                         _001_ (net)
                  0.04    0.00    2.44 v _236_/A1 (sky130_fd_sc_hd__o21a_1)
     4    0.02    0.07    0.17    2.61 v _236_/X (sky130_fd_sc_hd__o21a_1)
                                         _003_ (net)
                  0.07    0.00    2.61 v _239_/B1 (sky130_fd_sc_hd__a211oi_2)
     3    0.01    0.19    0.16    2.77 ^ _239_/Y (sky130_fd_sc_hd__a211oi_2)
                                         _006_ (net)
                  0.19    0.00    2.77 ^ _241_/A2 (sky130_fd_sc_hd__o21ai_2)
     5    0.02    0.07    0.07    2.85 v _241_/Y (sky130_fd_sc_hd__o21ai_2)
                                         _008_ (net)
                  0.07    0.00    2.85 v _248_/A2 (sky130_fd_sc_hd__a311o_2)
     5    0.02    0.07    0.29    3.13 v _248_/X (sky130_fd_sc_hd__a311o_2)
                                         _015_ (net)
                  0.07    0.00    3.14 v _261_/A3 (sky130_fd_sc_hd__a31o_1)
     1    0.00    0.03    0.16    3.29 v _261_/X (sky130_fd_sc_hd__a31o_1)
                                         _027_ (net)
                  0.03    0.00    3.29 v _262_/A2 (sky130_fd_sc_hd__a21o_1)
     1    0.00    0.02    0.11    3.41 v _262_/X (sky130_fd_sc_hd__a21o_1)
                                         _028_ (net)
                  0.02    0.00    3.41 v _263_/B (sky130_fd_sc_hd__or2_1)
     1    0.00    0.03    0.12    3.53 v _263_/X (sky130_fd_sc_hd__or2_1)
                                         _029_ (net)
                  0.03    0.00    3.53 v _274_/B1 (sky130_fd_sc_hd__a22oi_1)
     1    0.00    0.10    0.08    3.61 ^ _274_/Y (sky130_fd_sc_hd__a22oi_1)
                                         net26 (net)
                  0.10    0.00    3.61 ^ output26/A (sky130_fd_sc_hd__buf_2)
     1    0.03    0.13    0.16    3.77 ^ output26/X (sky130_fd_sc_hd__buf_2)
                                         out[6] (net)
                  0.13    0.00    3.77 ^ out[6] (out)
                                  3.77   data arrival time

                  0.00   10.00   10.00   clock __VIRTUAL_CLK__ (rise edge)
                          0.00   10.00   clock network delay (ideal)
                         -0.25    9.75   clock uncertainty
                          0.00    9.75   clock reconvergence pessimism
                         -2.00    7.75   output external delay
                                  7.75   data required time
-----------------------------------------------------------------------------
                                  7.75   data required time
                                 -3.77   data arrival time
-----------------------------------------------------------------------------
                                  3.98   slack (MET)


Startpoint: opcode[1] (input port clocked by __VIRTUAL_CLK__)
Endpoint: out[5] (output port clocked by __VIRTUAL_CLK__)
Path Group: __VIRTUAL_CLK__
Path Type: max
Corner: Fastest

Fanout     Cap    Slew   Delay    Time   Description
-----------------------------------------------------------------------------
                  0.00    0.00    0.00   clock __VIRTUAL_CLK__ (rise edge)
                          0.00    0.00   clock network delay (ideal)
                          2.00    2.00 ^ input external delay
     1    0.00    0.01    0.01    2.01 ^ opcode[1] (in)
                                         opcode[1] (net)
                  0.01    0.00    2.01 ^ input18/A (sky130_fd_sc_hd__dlymetal6s2s_1)
     5    0.02    0.17    0.15    2.16 ^ input18/X (sky130_fd_sc_hd__dlymetal6s2s_1)
                                         net18 (net)
                  0.17    0.00    2.16 ^ _222_/B (sky130_fd_sc_hd__nand3b_4)
     8    0.04    0.11    0.11    2.28 v _222_/Y (sky130_fd_sc_hd__nand3b_4)
                                         _150_ (net)
                  0.11    0.00    2.28 v _234_/C (sky130_fd_sc_hd__and3_1)
     2    0.01    0.04    0.17    2.44 v _234_/X (sky130_fd_sc_hd__and3_1)
                                         _001_ (net)
                  0.04    0.00    2.44 v _236_/A1 (sky130_fd_sc_hd__o21a_1)
     4    0.02    0.07    0.17    2.61 v _236_/X (sky130_fd_sc_hd__o21a_1)
                                         _003_ (net)
                  0.07    0.00    2.61 v _239_/B1 (sky130_fd_sc_hd__a211oi_2)
     3    0.01    0.19    0.16    2.77 ^ _239_/Y (sky130_fd_sc_hd__a211oi_2)
                                         _006_ (net)
                  0.19    0.00    2.77 ^ _241_/A2 (sky130_fd_sc_hd__o21ai_2)
     5    0.02    0.07    0.07    2.85 v _241_/Y (sky130_fd_sc_hd__o21ai_2)
                                         _008_ (net)
                  0.07    0.00    2.85 v _248_/A2 (sky130_fd_sc_hd__a311o_2)
     5    0.02    0.07    0.29    3.13 v _248_/X (sky130_fd_sc_hd__a311o_2)
                                         _015_ (net)
                  0.07    0.00    3.14 v _249_/C (sky130_fd_sc_hd__and3_1)
     1    0.00    0.03    0.13    3.26 v _249_/X (sky130_fd_sc_hd__and3_1)
                                         _016_ (net)
                  0.03    0.00    3.26 v _253_/A (sky130_fd_sc_hd__or3_1)
     1    0.00    0.04    0.22    3.48 v _253_/X (sky130_fd_sc_hd__or3_1)
                                         _020_ (net)
                  0.04    0.00    3.48 v _254_/B2 (sky130_fd_sc_hd__a22oi_1)
     1    0.00    0.10    0.10    3.58 ^ _254_/Y (sky130_fd_sc_hd__a22oi_1)
                                         net25 (net)
                  0.10    0.00    3.58 ^ output25/A (sky130_fd_sc_hd__buf_2)
     1    0.03    0.13    0.16    3.74 ^ output25/X (sky130_fd_sc_hd__buf_2)
                                         out[5] (net)
                  0.13    0.00    3.74 ^ out[5] (out)
                                  3.74   data arrival time

                  0.00   10.00   10.00   clock __VIRTUAL_CLK__ (rise edge)
                          0.00   10.00   clock network delay (ideal)
                         -0.25    9.75   clock uncertainty
                          0.00    9.75   clock reconvergence pessimism
                         -2.00    7.75   output external delay
                                  7.75   data required time
-----------------------------------------------------------------------------
                                  7.75   data required time
                                 -3.74   data arrival time
-----------------------------------------------------------------------------
                                  4.01   slack (MET)


Startpoint: B[1] (input port clocked by __VIRTUAL_CLK__)
Endpoint: out[4] (output port clocked by __VIRTUAL_CLK__)
Path Group: __VIRTUAL_CLK__
Path Type: max
Corner: Fastest

Fanout     Cap    Slew   Delay    Time   Description
-----------------------------------------------------------------------------
                  0.00    0.00    0.00   clock __VIRTUAL_CLK__ (rise edge)
                          0.00    0.00   clock network delay (ideal)
                          2.00    2.00 ^ input external delay
     1    0.00    0.01    0.01    2.01 ^ B[1] (in)
                                         B[1] (net)
                  0.01    0.00    2.01 ^ input10/A (sky130_fd_sc_hd__buf_1)
     3    0.01    0.10    0.10    2.11 ^ input10/X (sky130_fd_sc_hd__buf_1)
                                         net10 (net)
                  0.10    0.00    2.11 ^ _169_/A (sky130_fd_sc_hd__buf_2)
    10    0.04    0.15    0.17    2.28 ^ _169_/X (sky130_fd_sc_hd__buf_2)
                                         _097_ (net)
                  0.15    0.00    2.28 ^ _170_/A1 (sky130_fd_sc_hd__a22oi_1)
     2    0.01    0.06    0.07    2.35 v _170_/Y (sky130_fd_sc_hd__a22oi_1)
                                         _098_ (net)
                  0.06    0.00    2.35 v _172_/B_N (sky130_fd_sc_hd__and4bb_1)
     3    0.01    0.09    0.22    2.57 ^ _172_/X (sky130_fd_sc_hd__and4bb_1)
                                         _100_ (net)
                  0.09    0.00    2.57 ^ _185_/A (sky130_fd_sc_hd__nor2_1)
     2    0.01    0.04    0.05    2.62 v _185_/Y (sky130_fd_sc_hd__nor2_1)
                                         _113_ (net)
                  0.04    0.00    2.62 v _191_/A (sky130_fd_sc_hd__xnor2_1)
     2    0.01    0.17    0.18    2.80 ^ _191_/Y (sky130_fd_sc_hd__xnor2_1)
                                         _119_ (net)
                  0.17    0.00    2.80 ^ _193_/A3 (sky130_fd_sc_hd__a31o_1)
     2    0.01    0.09    0.15    2.95 ^ _193_/X (sky130_fd_sc_hd__a31o_1)
                                         _121_ (net)
                  0.09    0.00    2.95 ^ _194_/B (sky130_fd_sc_hd__xor2_1)
     2    0.01    0.15    0.15    3.10 ^ _194_/X (sky130_fd_sc_hd__xor2_1)
                                         _122_ (net)
                  0.15    0.00    3.10 ^ _321_/A (sky130_fd_sc_hd__xor2_1)
     1    0.01    0.15    0.15    3.26 ^ _321_/X (sky130_fd_sc_hd__xor2_1)
                                         _081_ (net)
                  0.15    0.00    3.26 ^ _328_/A2 (sky130_fd_sc_hd__a21oi_1)
     1    0.00    0.07    0.05    3.31 v _328_/Y (sky130_fd_sc_hd__a21oi_1)
                                         _088_ (net)
                  0.07    0.00    3.31 v _329_/B1 (sky130_fd_sc_hd__a21oi_1)
     1    0.00    0.10    0.08    3.39 ^ _329_/Y (sky130_fd_sc_hd__a21oi_1)
                                         net24 (net)
                  0.10    0.00    3.39 ^ output24/A (sky130_fd_sc_hd__buf_2)
     1    0.03    0.13    0.16    3.55 ^ output24/X (sky130_fd_sc_hd__buf_2)
                                         out[4] (net)
                  0.13    0.00    3.56 ^ out[4] (out)
                                  3.56   data arrival time

                  0.00   10.00   10.00   clock __VIRTUAL_CLK__ (rise edge)
                          0.00   10.00   clock network delay (ideal)
                         -0.25    9.75   clock uncertainty
                          0.00    9.75   clock reconvergence pessimism
                         -2.00    7.75   output external delay
                                  7.75   data required time
-----------------------------------------------------------------------------
                                  7.75   data required time
                                 -3.56   data arrival time
-----------------------------------------------------------------------------
                                  4.19   slack (MET)


Startpoint: opcode[1] (input port clocked by __VIRTUAL_CLK__)
Endpoint: out[3] (output port clocked by __VIRTUAL_CLK__)
Path Group: __VIRTUAL_CLK__
Path Type: max
Corner: Fastest

Fanout     Cap    Slew   Delay    Time   Description
-----------------------------------------------------------------------------
                  0.00    0.00    0.00   clock __VIRTUAL_CLK__ (rise edge)
                          0.00    0.00   clock network delay (ideal)
                          2.00    2.00 ^ input external delay
     1    0.00    0.01    0.01    2.01 ^ opcode[1] (in)
                                         opcode[1] (net)
                  0.01    0.00    2.01 ^ input18/A (sky130_fd_sc_hd__dlymetal6s2s_1)
     5    0.02    0.17    0.15    2.16 ^ input18/X (sky130_fd_sc_hd__dlymetal6s2s_1)
                                         net18 (net)
                  0.17    0.00    2.16 ^ _222_/B (sky130_fd_sc_hd__nand3b_4)
     8    0.04    0.11    0.11    2.28 v _222_/Y (sky130_fd_sc_hd__nand3b_4)
                                         _150_ (net)
                  0.11    0.00    2.28 v _234_/C (sky130_fd_sc_hd__and3_1)
     2    0.01    0.04    0.17    2.44 v _234_/X (sky130_fd_sc_hd__and3_1)
                                         _001_ (net)
                  0.04    0.00    2.44 v _236_/A1 (sky130_fd_sc_hd__o21a_1)
     4    0.02    0.07    0.17    2.61 v _236_/X (sky130_fd_sc_hd__o21a_1)
                                         _003_ (net)
                  0.07    0.00    2.61 v _239_/B1 (sky130_fd_sc_hd__a211oi_2)
     3    0.01    0.19    0.16    2.77 ^ _239_/Y (sky130_fd_sc_hd__a211oi_2)
                                         _006_ (net)
                  0.19    0.00    2.77 ^ _241_/A2 (sky130_fd_sc_hd__o21ai_2)
     5    0.02    0.07    0.07    2.85 v _241_/Y (sky130_fd_sc_hd__o21ai_2)
                                         _008_ (net)
                  0.07    0.00    2.85 v _314_/A2 (sky130_fd_sc_hd__a31o_1)
     1    0.00    0.03    0.15    3.00 v _314_/X (sky130_fd_sc_hd__a31o_1)
                                         _075_ (net)
                  0.03    0.00    3.00 v _318_/A2 (sky130_fd_sc_hd__o21bai_1)
     1    0.00    0.09    0.09    3.09 ^ _318_/Y (sky130_fd_sc_hd__o21bai_1)
                                         _079_ (net)
                  0.09    0.00    3.09 ^ _319_/B1_N (sky130_fd_sc_hd__o21ba_1)
     1    0.00    0.02    0.10    3.18 v _319_/X (sky130_fd_sc_hd__o21ba_1)
                                         _080_ (net)
                  0.02    0.00    3.18 v _320_/B1 (sky130_fd_sc_hd__a21oi_1)
     1    0.01    0.13    0.08    3.27 ^ _320_/Y (sky130_fd_sc_hd__a21oi_1)
                                         net23 (net)
                  0.13    0.00    3.27 ^ output23/A (sky130_fd_sc_hd__clkbuf_4)
     1    0.03    0.09    0.16    3.43 ^ output23/X (sky130_fd_sc_hd__clkbuf_4)
                                         out[3] (net)
                  0.09    0.00    3.43 ^ out[3] (out)
                                  3.43   data arrival time

                  0.00   10.00   10.00   clock __VIRTUAL_CLK__ (rise edge)
                          0.00   10.00   clock network delay (ideal)
                         -0.25    9.75   clock uncertainty
                          0.00    9.75   clock reconvergence pessimism
                         -2.00    7.75   output external delay
                                  7.75   data required time
-----------------------------------------------------------------------------
                                  7.75   data required time
                                 -3.43   data arrival time
-----------------------------------------------------------------------------
                                  4.32   slack (MET)


Startpoint: opcode[1] (input port clocked by __VIRTUAL_CLK__)
Endpoint: out[1] (output port clocked by __VIRTUAL_CLK__)
Path Group: __VIRTUAL_CLK__
Path Type: max
Corner: Fastest

Fanout     Cap    Slew   Delay    Time   Description
-----------------------------------------------------------------------------
                  0.00    0.00    0.00   clock __VIRTUAL_CLK__ (rise edge)
                          0.00    0.00   clock network delay (ideal)
                          2.00    2.00 ^ input external delay
     1    0.00    0.01    0.01    2.01 ^ opcode[1] (in)
                                         opcode[1] (net)
                  0.01    0.00    2.01 ^ input18/A (sky130_fd_sc_hd__dlymetal6s2s_1)
     5    0.02    0.17    0.15    2.16 ^ input18/X (sky130_fd_sc_hd__dlymetal6s2s_1)
                                         net18 (net)
                  0.17    0.00    2.16 ^ _222_/B (sky130_fd_sc_hd__nand3b_4)
     8    0.04    0.11    0.11    2.28 v _222_/Y (sky130_fd_sc_hd__nand3b_4)
                                         _150_ (net)
                  0.11    0.00    2.28 v _234_/C (sky130_fd_sc_hd__and3_1)
     2    0.01    0.04    0.17    2.44 v _234_/X (sky130_fd_sc_hd__and3_1)
                                         _001_ (net)
                  0.04    0.00    2.44 v _236_/A1 (sky130_fd_sc_hd__o21a_1)
     4    0.02    0.07    0.17    2.61 v _236_/X (sky130_fd_sc_hd__o21a_1)
                                         _003_ (net)
                  0.07    0.00    2.61 v _239_/B1 (sky130_fd_sc_hd__a211oi_2)
     3    0.01    0.19    0.16    2.77 ^ _239_/Y (sky130_fd_sc_hd__a211oi_2)
                                         _006_ (net)
                  0.19    0.00    2.77 ^ _300_/A (sky130_fd_sc_hd__or3_1)
     1    0.00    0.04    0.10    2.87 ^ _300_/X (sky130_fd_sc_hd__or3_1)
                                         _063_ (net)
                  0.04    0.00    2.87 ^ _301_/C_N (sky130_fd_sc_hd__or3b_1)
     1    0.00    0.04    0.20    3.07 v _301_/X (sky130_fd_sc_hd__or3b_1)
                                         _064_ (net)
                  0.04    0.00    3.07 v _302_/B2 (sky130_fd_sc_hd__o2bb2a_1)
     1    0.00    0.04    0.18    3.25 v _302_/X (sky130_fd_sc_hd__o2bb2a_1)
                                         net21 (net)
                  0.04    0.00    3.25 v output21/A (sky130_fd_sc_hd__buf_2)
     1    0.03    0.06    0.13    3.38 v output21/X (sky130_fd_sc_hd__buf_2)
                                         out[1] (net)
                  0.06    0.00    3.38 v out[1] (out)
                                  3.38   data arrival time

                  0.00   10.00   10.00   clock __VIRTUAL_CLK__ (rise edge)
                          0.00   10.00   clock network delay (ideal)
                         -0.25    9.75   clock uncertainty
                          0.00    9.75   clock reconvergence pessimism
                         -2.00    7.75   output external delay
                                  7.75   data required time
-----------------------------------------------------------------------------
                                  7.75   data required time
                                 -3.38   data arrival time
-----------------------------------------------------------------------------
                                  4.37   slack (MET)


Startpoint: opcode[1] (input port clocked by __VIRTUAL_CLK__)
Endpoint: out[2] (output port clocked by __VIRTUAL_CLK__)
Path Group: __VIRTUAL_CLK__
Path Type: max
Corner: Fastest

Fanout     Cap    Slew   Delay    Time   Description
-----------------------------------------------------------------------------
                  0.00    0.00    0.00   clock __VIRTUAL_CLK__ (rise edge)
                          0.00    0.00   clock network delay (ideal)
                          2.00    2.00 ^ input external delay
     1    0.00    0.01    0.01    2.01 ^ opcode[1] (in)
                                         opcode[1] (net)
                  0.01    0.00    2.01 ^ input18/A (sky130_fd_sc_hd__dlymetal6s2s_1)
     5    0.02    0.17    0.15    2.16 ^ input18/X (sky130_fd_sc_hd__dlymetal6s2s_1)
                                         net18 (net)
                  0.17    0.00    2.16 ^ _222_/B (sky130_fd_sc_hd__nand3b_4)
     8    0.04    0.11    0.11    2.28 v _222_/Y (sky130_fd_sc_hd__nand3b_4)
                                         _150_ (net)
                  0.11    0.00    2.28 v _234_/C (sky130_fd_sc_hd__and3_1)
     2    0.01    0.04    0.17    2.44 v _234_/X (sky130_fd_sc_hd__and3_1)
                                         _001_ (net)
                  0.04    0.00    2.44 v _238_/B (sky130_fd_sc_hd__nor3_1)
     2    0.01    0.22    0.21    2.66 ^ _238_/Y (sky130_fd_sc_hd__nor3_1)
                                         _005_ (net)
                  0.22    0.00    2.66 ^ _239_/C1 (sky130_fd_sc_hd__a211oi_2)
     3    0.01    0.06    0.04    2.70 v _239_/Y (sky130_fd_sc_hd__a211oi_2)
                                         _006_ (net)
                  0.06    0.00    2.70 v _305_/C (sky130_fd_sc_hd__or3_1)
     1    0.00    0.05    0.19    2.89 v _305_/X (sky130_fd_sc_hd__or3_1)
                                         _067_ (net)
                  0.05    0.00    2.89 v _309_/A3 (sky130_fd_sc_hd__a31o_1)
     1    0.00    0.02    0.14    3.03 v _309_/X (sky130_fd_sc_hd__a31o_1)
                                         _071_ (net)
                  0.02    0.00    3.03 v _310_/B2 (sky130_fd_sc_hd__o2bb2a_1)
     1    0.00    0.04    0.17    3.21 v _310_/X (sky130_fd_sc_hd__o2bb2a_1)
                                         net22 (net)
                  0.04    0.00    3.21 v output22/A (sky130_fd_sc_hd__buf_2)
     1    0.03    0.06    0.13    3.33 v output22/X (sky130_fd_sc_hd__buf_2)
                                         out[2] (net)
                  0.06    0.00    3.34 v out[2] (out)
                                  3.34   data arrival time

                  0.00   10.00   10.00   clock __VIRTUAL_CLK__ (rise edge)
                          0.00   10.00   clock network delay (ideal)
                         -0.25    9.75   clock uncertainty
                          0.00    9.75   clock reconvergence pessimism
                         -2.00    7.75   output external delay
                                  7.75   data required time
-----------------------------------------------------------------------------
                                  7.75   data required time
                                 -3.34   data arrival time
-----------------------------------------------------------------------------
                                  4.41   slack (MET)


Startpoint: opcode[1] (input port clocked by __VIRTUAL_CLK__)
Endpoint: out[0] (output port clocked by __VIRTUAL_CLK__)
Path Group: __VIRTUAL_CLK__
Path Type: max
Corner: Fastest

Fanout     Cap    Slew   Delay    Time   Description
-----------------------------------------------------------------------------
                  0.00    0.00    0.00   clock __VIRTUAL_CLK__ (rise edge)
                          0.00    0.00   clock network delay (ideal)
                          2.00    2.00 v input external delay
     1    0.00    0.00    0.00    2.00 v opcode[1] (in)
                                         opcode[1] (net)
                  0.00    0.00    2.00 v input18/A (sky130_fd_sc_hd__dlymetal6s2s_1)
     5    0.02    0.07    0.12    2.13 v input18/X (sky130_fd_sc_hd__dlymetal6s2s_1)
                                         net18 (net)
                  0.07    0.00    2.13 v _161_/B (sky130_fd_sc_hd__or2_1)
     3    0.01    0.06    0.18    2.31 v _161_/X (sky130_fd_sc_hd__or2_1)
                                         _089_ (net)
                  0.06    0.00    2.31 v _250_/C (sky130_fd_sc_hd__and3_1)
     4    0.02    0.08    0.19    2.49 v _250_/X (sky130_fd_sc_hd__and3_1)
                                         _017_ (net)
                  0.08    0.00    2.50 v _251_/A (sky130_fd_sc_hd__inv_2)
     5    0.02    0.08    0.10    2.59 ^ _251_/Y (sky130_fd_sc_hd__inv_2)
                                         _018_ (net)
                  0.08    0.00    2.60 ^ _290_/B1 (sky130_fd_sc_hd__a22oi_1)
     1    0.00    0.05    0.04    2.64 v _290_/Y (sky130_fd_sc_hd__a22oi_1)
                                         _054_ (net)
                  0.05    0.00    2.64 v _292_/A2 (sky130_fd_sc_hd__o32a_1)
     1    0.00    0.04    0.20    2.84 v _292_/X (sky130_fd_sc_hd__o32a_1)
                                         _056_ (net)
                  0.04    0.00    2.84 v _293_/B1 (sky130_fd_sc_hd__a21o_1)
     1    0.00    0.03    0.08    2.92 v _293_/X (sky130_fd_sc_hd__a21o_1)
                                         net20 (net)
                  0.03    0.00    2.92 v output20/A (sky130_fd_sc_hd__buf_2)
     1    0.03    0.06    0.12    3.04 v output20/X (sky130_fd_sc_hd__buf_2)
                                         out[0] (net)
                  0.06    0.00    3.04 v out[0] (out)
                                  3.04   data arrival time

                  0.00   10.00   10.00   clock __VIRTUAL_CLK__ (rise edge)
                          0.00   10.00   clock network delay (ideal)
                         -0.25    9.75   clock uncertainty
                          0.00    9.75   clock reconvergence pessimism
                         -2.00    7.75   output external delay
                                  7.75   data required time
-----------------------------------------------------------------------------
                                  7.75   data required time
                                 -3.04   data arrival time
-----------------------------------------------------------------------------
                                  4.71   slack (MET)



worst slack corner Fastest: 3.9097
======================= Slowest Corner ===================================

Startpoint: opcode[1] (input port clocked by __VIRTUAL_CLK__)
Endpoint: out[7] (output port clocked by __VIRTUAL_CLK__)
Path Group: __VIRTUAL_CLK__
Path Type: max
Corner: Slowest

Fanout     Cap    Slew   Delay    Time   Description
-----------------------------------------------------------------------------
                  0.00    0.00    0.00   clock __VIRTUAL_CLK__ (rise edge)
                          0.00    0.00   clock network delay (ideal)
                          2.00    2.00 ^ input external delay
     1    0.00    0.03    0.02    2.02 ^ opcode[1] (in)
                                         opcode[1] (net)
                  0.03    0.00    2.02 ^ input18/A (sky130_fd_sc_hd__dlymetal6s2s_1)
     5    0.02    0.32    0.34    2.36 ^ input18/X (sky130_fd_sc_hd__dlymetal6s2s_1)
                                         net18 (net)
                  0.32    0.00    2.36 ^ _222_/B (sky130_fd_sc_hd__nand3b_4)
     8    0.04    0.31    0.41    2.77 v _222_/Y (sky130_fd_sc_hd__nand3b_4)
                                         _150_ (net)
                  0.31    0.00    2.77 v _234_/C (sky130_fd_sc_hd__and3_1)
     2    0.01    0.11    0.55    3.32 v _234_/X (sky130_fd_sc_hd__and3_1)
                                         _001_ (net)
                  0.11    0.00    3.32 v _238_/B (sky130_fd_sc_hd__nor3_1)
     2    0.01    0.55    0.56    3.88 ^ _238_/Y (sky130_fd_sc_hd__nor3_1)
                                         _005_ (net)
                  0.55    0.00    3.88 ^ _239_/C1 (sky130_fd_sc_hd__a211oi_2)
     3    0.01    0.15    0.25    4.13 v _239_/Y (sky130_fd_sc_hd__a211oi_2)
                                         _006_ (net)
                  0.15    0.00    4.13 v _241_/A2 (sky130_fd_sc_hd__o21ai_2)
     5    0.02    0.40    0.43    4.56 ^ _241_/Y (sky130_fd_sc_hd__o21ai_2)
                                         _008_ (net)
                  0.40    0.00    4.56 ^ _248_/A2 (sky130_fd_sc_hd__a311o_2)
     5    0.02    0.20    0.63    5.19 ^ _248_/X (sky130_fd_sc_hd__a311o_2)
                                         _015_ (net)
                  0.20    0.00    5.20 ^ _260_/A3 (sky130_fd_sc_hd__a311oi_2)
     3    0.01    0.23    0.33    5.52 v _260_/Y (sky130_fd_sc_hd__a311oi_2)
                                         _026_ (net)
                  0.23    0.00    5.52 v _281_/B (sky130_fd_sc_hd__or3_1)
     1    0.00    0.12    0.87    6.39 v _281_/X (sky130_fd_sc_hd__or3_1)
                                         _046_ (net)
                  0.12    0.00    6.39 v _282_/C (sky130_fd_sc_hd__and3_1)
     1    0.00    0.08    0.41    6.80 v _282_/X (sky130_fd_sc_hd__and3_1)
                                         _047_ (net)
                  0.08    0.00    6.80 v _289_/A2 (sky130_fd_sc_hd__o31a_1)
     1    0.00    0.09    0.55    7.35 v _289_/X (sky130_fd_sc_hd__o31a_1)
                                         net27 (net)
                  0.09    0.00    7.35 v output27/A (sky130_fd_sc_hd__buf_2)
     1    0.03    0.17    0.37    7.72 v output27/X (sky130_fd_sc_hd__buf_2)
                                         out[7] (net)
                  0.17    0.00    7.72 v out[7] (out)
                                  7.72   data arrival time

                  0.00   10.00   10.00   clock __VIRTUAL_CLK__ (rise edge)
                          0.00   10.00   clock network delay (ideal)
                         -0.25    9.75   clock uncertainty
                          0.00    9.75   clock reconvergence pessimism
                         -2.00    7.75   output external delay
                                  7.75   data required time
-----------------------------------------------------------------------------
                                  7.75   data required time
                                 -7.72   data arrival time
-----------------------------------------------------------------------------
                                  0.03   slack (MET)


Startpoint: opcode[1] (input port clocked by __VIRTUAL_CLK__)
Endpoint: out[5] (output port clocked by __VIRTUAL_CLK__)
Path Group: __VIRTUAL_CLK__
Path Type: max
Corner: Slowest

Fanout     Cap    Slew   Delay    Time   Description
-----------------------------------------------------------------------------
                  0.00    0.00    0.00   clock __VIRTUAL_CLK__ (rise edge)
                          0.00    0.00   clock network delay (ideal)
                          2.00    2.00 ^ input external delay
     1    0.00    0.03    0.02    2.02 ^ opcode[1] (in)
                                         opcode[1] (net)
                  0.03    0.00    2.02 ^ input18/A (sky130_fd_sc_hd__dlymetal6s2s_1)
     5    0.02    0.32    0.34    2.36 ^ input18/X (sky130_fd_sc_hd__dlymetal6s2s_1)
                                         net18 (net)
                  0.32    0.00    2.36 ^ _222_/B (sky130_fd_sc_hd__nand3b_4)
     8    0.04    0.31    0.41    2.77 v _222_/Y (sky130_fd_sc_hd__nand3b_4)
                                         _150_ (net)
                  0.31    0.00    2.77 v _234_/C (sky130_fd_sc_hd__and3_1)
     2    0.01    0.11    0.55    3.32 v _234_/X (sky130_fd_sc_hd__and3_1)
                                         _001_ (net)
                  0.11    0.00    3.32 v _236_/A1 (sky130_fd_sc_hd__o21a_1)
     4    0.02    0.18    0.49    3.81 v _236_/X (sky130_fd_sc_hd__o21a_1)
                                         _003_ (net)
                  0.18    0.00    3.81 v _239_/B1 (sky130_fd_sc_hd__a211oi_2)
     3    0.01    0.42    0.53    4.35 ^ _239_/Y (sky130_fd_sc_hd__a211oi_2)
                                         _006_ (net)
                  0.42    0.00    4.35 ^ _241_/A2 (sky130_fd_sc_hd__o21ai_2)
     5    0.02    0.19    0.32    4.66 v _241_/Y (sky130_fd_sc_hd__o21ai_2)
                                         _008_ (net)
                  0.19    0.00    4.66 v _248_/A2 (sky130_fd_sc_hd__a311o_2)
     5    0.02    0.17    0.88    5.54 v _248_/X (sky130_fd_sc_hd__a311o_2)
                                         _015_ (net)
                  0.17    0.00    5.55 v _249_/C (sky130_fd_sc_hd__and3_1)
     1    0.00    0.07    0.42    5.96 v _249_/X (sky130_fd_sc_hd__and3_1)
                                         _016_ (net)
                  0.07    0.00    5.97 v _253_/A (sky130_fd_sc_hd__or3_1)
     1    0.00    0.14    0.88    6.84 v _253_/X (sky130_fd_sc_hd__or3_1)
                                         _020_ (net)
                  0.14    0.00    6.84 v _254_/B2 (sky130_fd_sc_hd__a22oi_1)
     1    0.00    0.27    0.32    7.16 ^ _254_/Y (sky130_fd_sc_hd__a22oi_1)
                                         net25 (net)
                  0.27    0.00    7.16 ^ output25/A (sky130_fd_sc_hd__buf_2)
     1    0.03    0.27    0.45    7.62 ^ output25/X (sky130_fd_sc_hd__buf_2)
                                         out[5] (net)
                  0.27    0.00    7.62 ^ out[5] (out)
                                  7.62   data arrival time

                  0.00   10.00   10.00   clock __VIRTUAL_CLK__ (rise edge)
                          0.00   10.00   clock network delay (ideal)
                         -0.25    9.75   clock uncertainty
                          0.00    9.75   clock reconvergence pessimism
                         -2.00    7.75   output external delay
                                  7.75   data required time
-----------------------------------------------------------------------------
                                  7.75   data required time
                                 -7.62   data arrival time
-----------------------------------------------------------------------------
                                  0.13   slack (MET)


Startpoint: opcode[1] (input port clocked by __VIRTUAL_CLK__)
Endpoint: out[6] (output port clocked by __VIRTUAL_CLK__)
Path Group: __VIRTUAL_CLK__
Path Type: max
Corner: Slowest

Fanout     Cap    Slew   Delay    Time   Description
-----------------------------------------------------------------------------
                  0.00    0.00    0.00   clock __VIRTUAL_CLK__ (rise edge)
                          0.00    0.00   clock network delay (ideal)
                          2.00    2.00 ^ input external delay
     1    0.00    0.03    0.02    2.02 ^ opcode[1] (in)
                                         opcode[1] (net)
                  0.03    0.00    2.02 ^ input18/A (sky130_fd_sc_hd__dlymetal6s2s_1)
     5    0.02    0.32    0.34    2.36 ^ input18/X (sky130_fd_sc_hd__dlymetal6s2s_1)
                                         net18 (net)
                  0.32    0.00    2.36 ^ _222_/B (sky130_fd_sc_hd__nand3b_4)
     8    0.04    0.31    0.41    2.77 v _222_/Y (sky130_fd_sc_hd__nand3b_4)
                                         _150_ (net)
                  0.31    0.00    2.77 v _234_/C (sky130_fd_sc_hd__and3_1)
     2    0.01    0.11    0.55    3.32 v _234_/X (sky130_fd_sc_hd__and3_1)
                                         _001_ (net)
                  0.11    0.00    3.32 v _236_/A1 (sky130_fd_sc_hd__o21a_1)
     4    0.02    0.18    0.49    3.81 v _236_/X (sky130_fd_sc_hd__o21a_1)
                                         _003_ (net)
                  0.18    0.00    3.81 v _239_/B1 (sky130_fd_sc_hd__a211oi_2)
     3    0.01    0.42    0.53    4.35 ^ _239_/Y (sky130_fd_sc_hd__a211oi_2)
                                         _006_ (net)
                  0.42    0.00    4.35 ^ _241_/A2 (sky130_fd_sc_hd__o21ai_2)
     5    0.02    0.19    0.32    4.66 v _241_/Y (sky130_fd_sc_hd__o21ai_2)
                                         _008_ (net)
                  0.19    0.00    4.66 v _248_/A2 (sky130_fd_sc_hd__a311o_2)
     5    0.02    0.17    0.88    5.54 v _248_/X (sky130_fd_sc_hd__a311o_2)
                                         _015_ (net)
                  0.17    0.00    5.55 v _261_/A3 (sky130_fd_sc_hd__a31o_1)
     1    0.00    0.07    0.45    6.00 v _261_/X (sky130_fd_sc_hd__a31o_1)
                                         _027_ (net)
                  0.07    0.00    6.00 v _262_/A2 (sky130_fd_sc_hd__a21o_1)
     1    0.00    0.05    0.32    6.32 v _262_/X (sky130_fd_sc_hd__a21o_1)
                                         _028_ (net)
                  0.05    0.00    6.32 v _263_/B (sky130_fd_sc_hd__or2_1)
     1    0.00    0.10    0.48    6.80 v _263_/X (sky130_fd_sc_hd__or2_1)
                                         _029_ (net)
                  0.10    0.00    6.80 v _274_/B1 (sky130_fd_sc_hd__a22oi_1)
     1    0.00    0.26    0.26    7.06 ^ _274_/Y (sky130_fd_sc_hd__a22oi_1)
                                         net26 (net)
                  0.26    0.00    7.06 ^ output26/A (sky130_fd_sc_hd__buf_2)
     1    0.03    0.27    0.45    7.51 ^ output26/X (sky130_fd_sc_hd__buf_2)
                                         out[6] (net)
                  0.27    0.00    7.52 ^ out[6] (out)
                                  7.52   data arrival time

                  0.00   10.00   10.00   clock __VIRTUAL_CLK__ (rise edge)
                          0.00   10.00   clock network delay (ideal)
                         -0.25    9.75   clock uncertainty
                          0.00    9.75   clock reconvergence pessimism
                         -2.00    7.75   output external delay
                                  7.75   data required time
-----------------------------------------------------------------------------
                                  7.75   data required time
                                 -7.52   data arrival time
-----------------------------------------------------------------------------
                                  0.23   slack (MET)


Startpoint: B[1] (input port clocked by __VIRTUAL_CLK__)
Endpoint: out[4] (output port clocked by __VIRTUAL_CLK__)
Path Group: __VIRTUAL_CLK__
Path Type: max
Corner: Slowest

Fanout     Cap    Slew   Delay    Time   Description
-----------------------------------------------------------------------------
                  0.00    0.00    0.00   clock __VIRTUAL_CLK__ (rise edge)
                          0.00    0.00   clock network delay (ideal)
                          2.00    2.00 ^ input external delay
     1    0.00    0.03    0.02    2.02 ^ B[1] (in)
                                         B[1] (net)
                  0.03    0.00    2.02 ^ input10/A (sky130_fd_sc_hd__buf_1)
     3    0.01    0.20    0.24    2.25 ^ input10/X (sky130_fd_sc_hd__buf_1)
                                         net10 (net)
                  0.20    0.00    2.26 ^ _169_/A (sky130_fd_sc_hd__buf_2)
    10    0.04    0.31    0.45    2.70 ^ _169_/X (sky130_fd_sc_hd__buf_2)
                                         _097_ (net)
                  0.31    0.00    2.71 ^ _170_/A1 (sky130_fd_sc_hd__a22oi_1)
     2    0.00    0.17    0.30    3.00 v _170_/Y (sky130_fd_sc_hd__a22oi_1)
                                         _098_ (net)
                  0.17    0.00    3.01 v _172_/B_N (sky130_fd_sc_hd__and4bb_1)
     3    0.01    0.21    0.72    3.73 ^ _172_/X (sky130_fd_sc_hd__and4bb_1)
                                         _100_ (net)
                  0.21    0.00    3.73 ^ _185_/A (sky130_fd_sc_hd__nor2_1)
     2    0.01    0.09    0.18    3.91 v _185_/Y (sky130_fd_sc_hd__nor2_1)
                                         _113_ (net)
                  0.09    0.00    3.91 v _191_/A (sky130_fd_sc_hd__xnor2_1)
     2    0.01    0.39    0.43    4.34 ^ _191_/Y (sky130_fd_sc_hd__xnor2_1)
                                         _119_ (net)
                  0.39    0.00    4.34 ^ _193_/A3 (sky130_fd_sc_hd__a31o_1)
     2    0.01    0.20    0.53    4.86 ^ _193_/X (sky130_fd_sc_hd__a31o_1)
                                         _121_ (net)
                  0.20    0.00    4.86 ^ _194_/B (sky130_fd_sc_hd__xor2_1)
     2    0.01    0.35    0.44    5.31 ^ _194_/X (sky130_fd_sc_hd__xor2_1)
                                         _122_ (net)
                  0.35    0.00    5.31 ^ _321_/A (sky130_fd_sc_hd__xor2_1)
     1    0.01    0.34    0.47    5.77 ^ _321_/X (sky130_fd_sc_hd__xor2_1)
                                         _081_ (net)
                  0.34    0.00    5.78 ^ _328_/A2 (sky130_fd_sc_hd__a21oi_1)
     1    0.00    0.17    0.24    6.01 v _328_/Y (sky130_fd_sc_hd__a21oi_1)
                                         _088_ (net)
                  0.17    0.00    6.01 v _329_/B1 (sky130_fd_sc_hd__a21oi_1)
     1    0.00    0.21    0.27    6.28 ^ _329_/Y (sky130_fd_sc_hd__a21oi_1)
                                         net24 (net)
                  0.21    0.00    6.28 ^ output24/A (sky130_fd_sc_hd__buf_2)
     1    0.03    0.28    0.43    6.72 ^ output24/X (sky130_fd_sc_hd__buf_2)
                                         out[4] (net)
                  0.28    0.00    6.72 ^ out[4] (out)
                                  6.72   data arrival time

                  0.00   10.00   10.00   clock __VIRTUAL_CLK__ (rise edge)
                          0.00   10.00   clock network delay (ideal)
                         -0.25    9.75   clock uncertainty
                          0.00    9.75   clock reconvergence pessimism
                         -2.00    7.75   output external delay
                                  7.75   data required time
-----------------------------------------------------------------------------
                                  7.75   data required time
                                 -6.72   data arrival time
-----------------------------------------------------------------------------
                                  1.03   slack (MET)


Startpoint: opcode[1] (input port clocked by __VIRTUAL_CLK__)
Endpoint: out[1] (output port clocked by __VIRTUAL_CLK__)
Path Group: __VIRTUAL_CLK__
Path Type: max
Corner: Slowest

Fanout     Cap    Slew   Delay    Time   Description
-----------------------------------------------------------------------------
                  0.00    0.00    0.00   clock __VIRTUAL_CLK__ (rise edge)
                          0.00    0.00   clock network delay (ideal)
                          2.00    2.00 ^ input external delay
     1    0.00    0.03    0.02    2.02 ^ opcode[1] (in)
                                         opcode[1] (net)
                  0.03    0.00    2.02 ^ input18/A (sky130_fd_sc_hd__dlymetal6s2s_1)
     5    0.02    0.32    0.34    2.36 ^ input18/X (sky130_fd_sc_hd__dlymetal6s2s_1)
                                         net18 (net)
                  0.32    0.00    2.36 ^ _222_/B (sky130_fd_sc_hd__nand3b_4)
     8    0.04    0.31    0.41    2.77 v _222_/Y (sky130_fd_sc_hd__nand3b_4)
                                         _150_ (net)
                  0.31    0.00    2.77 v _234_/C (sky130_fd_sc_hd__and3_1)
     2    0.01    0.11    0.55    3.32 v _234_/X (sky130_fd_sc_hd__and3_1)
                                         _001_ (net)
                  0.11    0.00    3.32 v _236_/A1 (sky130_fd_sc_hd__o21a_1)
     4    0.02    0.18    0.49    3.81 v _236_/X (sky130_fd_sc_hd__o21a_1)
                                         _003_ (net)
                  0.18    0.00    3.81 v _239_/B1 (sky130_fd_sc_hd__a211oi_2)
     3    0.01    0.42    0.53    4.35 ^ _239_/Y (sky130_fd_sc_hd__a211oi_2)
                                         _006_ (net)
                  0.42    0.00    4.35 ^ _300_/A (sky130_fd_sc_hd__or3_1)
     1    0.00    0.08    0.34    4.69 ^ _300_/X (sky130_fd_sc_hd__or3_1)
                                         _063_ (net)
                  0.08    0.00    4.69 ^ _301_/C_N (sky130_fd_sc_hd__or3b_1)
     1    0.00    0.13    0.82    5.51 v _301_/X (sky130_fd_sc_hd__or3b_1)
                                         _064_ (net)
                  0.13    0.00    5.51 v _302_/B2 (sky130_fd_sc_hd__o2bb2a_1)
     1    0.00    0.12    0.68    6.19 v _302_/X (sky130_fd_sc_hd__o2bb2a_1)
                                         net21 (net)
                  0.12    0.00    6.19 v output21/A (sky130_fd_sc_hd__buf_2)
     1    0.03    0.17    0.38    6.58 v output21/X (sky130_fd_sc_hd__buf_2)
                                         out[1] (net)
                  0.17    0.00    6.58 v out[1] (out)
                                  6.58   data arrival time

                  0.00   10.00   10.00   clock __VIRTUAL_CLK__ (rise edge)
                          0.00   10.00   clock network delay (ideal)
                         -0.25    9.75   clock uncertainty
                          0.00    9.75   clock reconvergence pessimism
                         -2.00    7.75   output external delay
                                  7.75   data required time
-----------------------------------------------------------------------------
                                  7.75   data required time
                                 -6.58   data arrival time
-----------------------------------------------------------------------------
                                  1.17   slack (MET)


Startpoint: opcode[1] (input port clocked by __VIRTUAL_CLK__)
Endpoint: out[3] (output port clocked by __VIRTUAL_CLK__)
Path Group: __VIRTUAL_CLK__
Path Type: max
Corner: Slowest

Fanout     Cap    Slew   Delay    Time   Description
-----------------------------------------------------------------------------
                  0.00    0.00    0.00   clock __VIRTUAL_CLK__ (rise edge)
                          0.00    0.00   clock network delay (ideal)
                          2.00    2.00 ^ input external delay
     1    0.00    0.03    0.02    2.02 ^ opcode[1] (in)
                                         opcode[1] (net)
                  0.03    0.00    2.02 ^ input18/A (sky130_fd_sc_hd__dlymetal6s2s_1)
     5    0.02    0.32    0.34    2.36 ^ input18/X (sky130_fd_sc_hd__dlymetal6s2s_1)
                                         net18 (net)
                  0.32    0.00    2.36 ^ _222_/B (sky130_fd_sc_hd__nand3b_4)
     8    0.04    0.31    0.41    2.77 v _222_/Y (sky130_fd_sc_hd__nand3b_4)
                                         _150_ (net)
                  0.31    0.00    2.77 v _234_/C (sky130_fd_sc_hd__and3_1)
     2    0.01    0.11    0.55    3.32 v _234_/X (sky130_fd_sc_hd__and3_1)
                                         _001_ (net)
                  0.11    0.00    3.32 v _236_/A1 (sky130_fd_sc_hd__o21a_1)
     4    0.02    0.18    0.49    3.81 v _236_/X (sky130_fd_sc_hd__o21a_1)
                                         _003_ (net)
                  0.18    0.00    3.81 v _239_/B1 (sky130_fd_sc_hd__a211oi_2)
     3    0.01    0.42    0.53    4.35 ^ _239_/Y (sky130_fd_sc_hd__a211oi_2)
                                         _006_ (net)
                  0.42    0.00    4.35 ^ _241_/A2 (sky130_fd_sc_hd__o21ai_2)
     5    0.02    0.19    0.32    4.66 v _241_/Y (sky130_fd_sc_hd__o21ai_2)
                                         _008_ (net)
                  0.19    0.00    4.66 v _314_/A2 (sky130_fd_sc_hd__a31o_1)
     1    0.00    0.06    0.43    5.10 v _314_/X (sky130_fd_sc_hd__a31o_1)
                                         _075_ (net)
                  0.06    0.00    5.10 v _318_/A2 (sky130_fd_sc_hd__o21bai_1)
     1    0.00    0.21    0.23    5.33 ^ _318_/Y (sky130_fd_sc_hd__o21bai_1)
                                         _079_ (net)
                  0.21    0.00    5.33 ^ _319_/B1_N (sky130_fd_sc_hd__o21ba_1)
     1    0.00    0.06    0.33    5.66 v _319_/X (sky130_fd_sc_hd__o21ba_1)
                                         _080_ (net)
                  0.06    0.00    5.66 v _320_/B1 (sky130_fd_sc_hd__a21oi_1)
     1    0.01    0.28    0.28    5.95 ^ _320_/Y (sky130_fd_sc_hd__a21oi_1)
                                         net23 (net)
                  0.28    0.00    5.95 ^ output23/A (sky130_fd_sc_hd__clkbuf_4)
     1    0.03    0.18    0.45    6.39 ^ output23/X (sky130_fd_sc_hd__clkbuf_4)
                                         out[3] (net)
                  0.18    0.00    6.40 ^ out[3] (out)
                                  6.40   data arrival time

                  0.00   10.00   10.00   clock __VIRTUAL_CLK__ (rise edge)
                          0.00   10.00   clock network delay (ideal)
                         -0.25    9.75   clock uncertainty
                          0.00    9.75   clock reconvergence pessimism
                         -2.00    7.75   output external delay
                                  7.75   data required time
-----------------------------------------------------------------------------
                                  7.75   data required time
                                 -6.40   data arrival time
-----------------------------------------------------------------------------
                                  1.35   slack (MET)


Startpoint: opcode[1] (input port clocked by __VIRTUAL_CLK__)
Endpoint: out[2] (output port clocked by __VIRTUAL_CLK__)
Path Group: __VIRTUAL_CLK__
Path Type: max
Corner: Slowest

Fanout     Cap    Slew   Delay    Time   Description
-----------------------------------------------------------------------------
                  0.00    0.00    0.00   clock __VIRTUAL_CLK__ (rise edge)
                          0.00    0.00   clock network delay (ideal)
                          2.00    2.00 ^ input external delay
     1    0.00    0.03    0.02    2.02 ^ opcode[1] (in)
                                         opcode[1] (net)
                  0.03    0.00    2.02 ^ input18/A (sky130_fd_sc_hd__dlymetal6s2s_1)
     5    0.02    0.32    0.34    2.36 ^ input18/X (sky130_fd_sc_hd__dlymetal6s2s_1)
                                         net18 (net)
                  0.32    0.00    2.36 ^ _222_/B (sky130_fd_sc_hd__nand3b_4)
     8    0.04    0.31    0.41    2.77 v _222_/Y (sky130_fd_sc_hd__nand3b_4)
                                         _150_ (net)
                  0.31    0.00    2.77 v _234_/C (sky130_fd_sc_hd__and3_1)
     2    0.01    0.11    0.55    3.32 v _234_/X (sky130_fd_sc_hd__and3_1)
                                         _001_ (net)
                  0.11    0.00    3.32 v _238_/B (sky130_fd_sc_hd__nor3_1)
     2    0.01    0.55    0.56    3.88 ^ _238_/Y (sky130_fd_sc_hd__nor3_1)
                                         _005_ (net)
                  0.55    0.00    3.88 ^ _239_/C1 (sky130_fd_sc_hd__a211oi_2)
     3    0.01    0.15    0.25    4.13 v _239_/Y (sky130_fd_sc_hd__a211oi_2)
                                         _006_ (net)
                  0.15    0.00    4.13 v _305_/C (sky130_fd_sc_hd__or3_1)
     1    0.00    0.15    0.80    4.94 v _305_/X (sky130_fd_sc_hd__or3_1)
                                         _067_ (net)
                  0.15    0.00    4.94 v _309_/A3 (sky130_fd_sc_hd__a31o_1)
     1    0.00    0.06    0.43    5.37 v _309_/X (sky130_fd_sc_hd__a31o_1)
                                         _071_ (net)
                  0.06    0.00    5.37 v _310_/B2 (sky130_fd_sc_hd__o2bb2a_1)
     1    0.00    0.11    0.64    6.01 v _310_/X (sky130_fd_sc_hd__o2bb2a_1)
                                         net22 (net)
                  0.11    0.00    6.01 v output22/A (sky130_fd_sc_hd__buf_2)
     1    0.03    0.17    0.38    6.39 v output22/X (sky130_fd_sc_hd__buf_2)
                                         out[2] (net)
                  0.17    0.00    6.40 v out[2] (out)
                                  6.40   data arrival time

                  0.00   10.00   10.00   clock __VIRTUAL_CLK__ (rise edge)
                          0.00   10.00   clock network delay (ideal)
                         -0.25    9.75   clock uncertainty
                          0.00    9.75   clock reconvergence pessimism
                         -2.00    7.75   output external delay
                                  7.75   data required time
-----------------------------------------------------------------------------
                                  7.75   data required time
                                 -6.40   data arrival time
-----------------------------------------------------------------------------
                                  1.35   slack (MET)


Startpoint: opcode[1] (input port clocked by __VIRTUAL_CLK__)
Endpoint: out[0] (output port clocked by __VIRTUAL_CLK__)
Path Group: __VIRTUAL_CLK__
Path Type: max
Corner: Slowest

Fanout     Cap    Slew   Delay    Time   Description
-----------------------------------------------------------------------------
                  0.00    0.00    0.00   clock __VIRTUAL_CLK__ (rise edge)
                          0.00    0.00   clock network delay (ideal)
                          2.00    2.00 v input external delay
     1    0.00    0.02    0.01    2.01 v opcode[1] (in)
                                         opcode[1] (net)
                  0.02    0.00    2.01 v input18/A (sky130_fd_sc_hd__dlymetal6s2s_1)
     5    0.02    0.20    0.39    2.40 v input18/X (sky130_fd_sc_hd__dlymetal6s2s_1)
                                         net18 (net)
                  0.20    0.00    2.40 v _161_/B (sky130_fd_sc_hd__or2_1)
     3    0.01    0.18    0.64    3.04 v _161_/X (sky130_fd_sc_hd__or2_1)
                                         _089_ (net)
                  0.18    0.00    3.04 v _250_/C (sky130_fd_sc_hd__and3_1)
     4    0.02    0.23    0.59    3.64 v _250_/X (sky130_fd_sc_hd__and3_1)
                                         _017_ (net)
                  0.23    0.00    3.64 v _251_/A (sky130_fd_sc_hd__inv_2)
     5    0.02    0.16    0.24    3.88 ^ _251_/Y (sky130_fd_sc_hd__inv_2)
                                         _018_ (net)
                  0.16    0.00    3.88 ^ _290_/B1 (sky130_fd_sc_hd__a22oi_1)
     1    0.00    0.14    0.17    4.05 v _290_/Y (sky130_fd_sc_hd__a22oi_1)
                                         _054_ (net)
                  0.14    0.00    4.05 v _292_/A2 (sky130_fd_sc_hd__o32a_1)
     1    0.00    0.12    0.67    4.72 v _292_/X (sky130_fd_sc_hd__o32a_1)
                                         _056_ (net)
                  0.12    0.00    4.72 v _293_/B1 (sky130_fd_sc_hd__a21o_1)
     1    0.00    0.06    0.31    5.03 v _293_/X (sky130_fd_sc_hd__a21o_1)
                                         net20 (net)
                  0.06    0.00    5.03 v output20/A (sky130_fd_sc_hd__buf_2)
     1    0.03    0.17    0.36    5.39 v output20/X (sky130_fd_sc_hd__buf_2)
                                         out[0] (net)
                  0.17    0.00    5.39 v out[0] (out)
                                  5.39   data arrival time

                  0.00   10.00   10.00   clock __VIRTUAL_CLK__ (rise edge)
                          0.00   10.00   clock network delay (ideal)
                         -0.25    9.75   clock uncertainty
                          0.00    9.75   clock reconvergence pessimism
                         -2.00    7.75   output external delay
                                  7.75   data required time
-----------------------------------------------------------------------------
                                  7.75   data required time
                                 -5.39   data arrival time
-----------------------------------------------------------------------------
                                  2.36   slack (MET)



worst slack corner Slowest: 0.0297
======================= Typical Corner ===================================

Startpoint: opcode[1] (input port clocked by __VIRTUAL_CLK__)
Endpoint: out[7] (output port clocked by __VIRTUAL_CLK__)
Path Group: __VIRTUAL_CLK__
Path Type: max
Corner: Typical

Fanout     Cap    Slew   Delay    Time   Description
-----------------------------------------------------------------------------
                  0.00    0.00    0.00   clock __VIRTUAL_CLK__ (rise edge)
                          0.00    0.00   clock network delay (ideal)
                          2.00    2.00 ^ input external delay
     1    0.00    0.02    0.01    2.01 ^ opcode[1] (in)
                                         opcode[1] (net)
                  0.02    0.00    2.01 ^ input18/A (sky130_fd_sc_hd__dlymetal6s2s_1)
     5    0.02    0.21    0.21    2.22 ^ input18/X (sky130_fd_sc_hd__dlymetal6s2s_1)
                                         net18 (net)
                  0.21    0.00    2.22 ^ _222_/B (sky130_fd_sc_hd__nand3b_4)
     8    0.04    0.16    0.19    2.41 v _222_/Y (sky130_fd_sc_hd__nand3b_4)
                                         _150_ (net)
                  0.16    0.00    2.42 v _234_/C (sky130_fd_sc_hd__and3_1)
     2    0.01    0.06    0.26    2.68 v _234_/X (sky130_fd_sc_hd__and3_1)
                                         _001_ (net)
                  0.06    0.00    2.68 v _236_/A1 (sky130_fd_sc_hd__o21a_1)
     4    0.02    0.10    0.26    2.93 v _236_/X (sky130_fd_sc_hd__o21a_1)
                                         _003_ (net)
                  0.10    0.00    2.93 v _239_/B1 (sky130_fd_sc_hd__a211oi_2)
     3    0.01    0.26    0.31    3.24 ^ _239_/Y (sky130_fd_sc_hd__a211oi_2)
                                         _006_ (net)
                  0.26    0.00    3.24 ^ _241_/A2 (sky130_fd_sc_hd__o21ai_2)
     5    0.02    0.10    0.14    3.39 v _241_/Y (sky130_fd_sc_hd__o21ai_2)
                                         _008_ (net)
                  0.10    0.00    3.39 v _248_/A2 (sky130_fd_sc_hd__a311o_2)
     5    0.02    0.09    0.46    3.84 v _248_/X (sky130_fd_sc_hd__a311o_2)
                                         _015_ (net)
                  0.09    0.00    3.85 v _260_/A3 (sky130_fd_sc_hd__a311oi_2)
     3    0.01    0.29    0.37    4.22 ^ _260_/Y (sky130_fd_sc_hd__a311oi_2)
                                         _026_ (net)
                  0.29    0.00    4.22 ^ _280_/A2 (sky130_fd_sc_hd__o21ai_1)
     1    0.00    0.06    0.09    4.31 v _280_/Y (sky130_fd_sc_hd__o21ai_1)
                                         _045_ (net)
                  0.06    0.00    4.31 v _282_/B (sky130_fd_sc_hd__and3_1)
     1    0.00    0.04    0.18    4.48 v _282_/X (sky130_fd_sc_hd__and3_1)
                                         _047_ (net)
                  0.04    0.00    4.48 v _289_/A2 (sky130_fd_sc_hd__o31a_1)
     1    0.00    0.05    0.28    4.77 v _289_/X (sky130_fd_sc_hd__o31a_1)
                                         net27 (net)
                  0.05    0.00    4.77 v output27/A (sky130_fd_sc_hd__buf_2)
     1    0.03    0.09    0.19    4.96 v output27/X (sky130_fd_sc_hd__buf_2)
                                         out[7] (net)
                  0.09    0.00    4.96 v out[7] (out)
                                  4.96   data arrival time

                  0.00   10.00   10.00   clock __VIRTUAL_CLK__ (rise edge)
                          0.00   10.00   clock network delay (ideal)
                         -0.25    9.75   clock uncertainty
                          0.00    9.75   clock reconvergence pessimism
                         -2.00    7.75   output external delay
                                  7.75   data required time
-----------------------------------------------------------------------------
                                  7.75   data required time
                                 -4.96   data arrival time
-----------------------------------------------------------------------------
                                  2.79   slack (MET)


Startpoint: opcode[1] (input port clocked by __VIRTUAL_CLK__)
Endpoint: out[6] (output port clocked by __VIRTUAL_CLK__)
Path Group: __VIRTUAL_CLK__
Path Type: max
Corner: Typical

Fanout     Cap    Slew   Delay    Time   Description
-----------------------------------------------------------------------------
                  0.00    0.00    0.00   clock __VIRTUAL_CLK__ (rise edge)
                          0.00    0.00   clock network delay (ideal)
                          2.00    2.00 ^ input external delay
     1    0.00    0.02    0.01    2.01 ^ opcode[1] (in)
                                         opcode[1] (net)
                  0.02    0.00    2.01 ^ input18/A (sky130_fd_sc_hd__dlymetal6s2s_1)
     5    0.02    0.21    0.21    2.22 ^ input18/X (sky130_fd_sc_hd__dlymetal6s2s_1)
                                         net18 (net)
                  0.21    0.00    2.22 ^ _222_/B (sky130_fd_sc_hd__nand3b_4)
     8    0.04    0.16    0.19    2.41 v _222_/Y (sky130_fd_sc_hd__nand3b_4)
                                         _150_ (net)
                  0.16    0.00    2.42 v _234_/C (sky130_fd_sc_hd__and3_1)
     2    0.01    0.06    0.26    2.68 v _234_/X (sky130_fd_sc_hd__and3_1)
                                         _001_ (net)
                  0.06    0.00    2.68 v _236_/A1 (sky130_fd_sc_hd__o21a_1)
     4    0.02    0.10    0.26    2.93 v _236_/X (sky130_fd_sc_hd__o21a_1)
                                         _003_ (net)
                  0.10    0.00    2.93 v _239_/B1 (sky130_fd_sc_hd__a211oi_2)
     3    0.01    0.26    0.31    3.24 ^ _239_/Y (sky130_fd_sc_hd__a211oi_2)
                                         _006_ (net)
                  0.26    0.00    3.24 ^ _241_/A2 (sky130_fd_sc_hd__o21ai_2)
     5    0.02    0.10    0.14    3.39 v _241_/Y (sky130_fd_sc_hd__o21ai_2)
                                         _008_ (net)
                  0.10    0.00    3.39 v _248_/A2 (sky130_fd_sc_hd__a311o_2)
     5    0.02    0.09    0.46    3.84 v _248_/X (sky130_fd_sc_hd__a311o_2)
                                         _015_ (net)
                  0.09    0.00    3.85 v _261_/A3 (sky130_fd_sc_hd__a31o_1)
     1    0.00    0.04    0.24    4.09 v _261_/X (sky130_fd_sc_hd__a31o_1)
                                         _027_ (net)
                  0.04    0.00    4.09 v _262_/A2 (sky130_fd_sc_hd__a21o_1)
     1    0.00    0.03    0.17    4.26 v _262_/X (sky130_fd_sc_hd__a21o_1)
                                         _028_ (net)
                  0.03    0.00    4.26 v _263_/B (sky130_fd_sc_hd__or2_1)
     1    0.00    0.05    0.21    4.47 v _263_/X (sky130_fd_sc_hd__or2_1)
                                         _029_ (net)
                  0.05    0.00    4.47 v _274_/B1 (sky130_fd_sc_hd__a22oi_1)
     1    0.00    0.17    0.16    4.63 ^ _274_/Y (sky130_fd_sc_hd__a22oi_1)
                                         net26 (net)
                  0.17    0.00    4.63 ^ output26/A (sky130_fd_sc_hd__buf_2)
     1    0.03    0.17    0.25    4.88 ^ output26/X (sky130_fd_sc_hd__buf_2)
                                         out[6] (net)
                  0.17    0.00    4.88 ^ out[6] (out)
                                  4.88   data arrival time

                  0.00   10.00   10.00   clock __VIRTUAL_CLK__ (rise edge)
                          0.00   10.00   clock network delay (ideal)
                         -0.25    9.75   clock uncertainty
                          0.00    9.75   clock reconvergence pessimism
                         -2.00    7.75   output external delay
                                  7.75   data required time
-----------------------------------------------------------------------------
                                  7.75   data required time
                                 -4.88   data arrival time
-----------------------------------------------------------------------------
                                  2.87   slack (MET)


Startpoint: opcode[1] (input port clocked by __VIRTUAL_CLK__)
Endpoint: out[5] (output port clocked by __VIRTUAL_CLK__)
Path Group: __VIRTUAL_CLK__
Path Type: max
Corner: Typical

Fanout     Cap    Slew   Delay    Time   Description
-----------------------------------------------------------------------------
                  0.00    0.00    0.00   clock __VIRTUAL_CLK__ (rise edge)
                          0.00    0.00   clock network delay (ideal)
                          2.00    2.00 ^ input external delay
     1    0.00    0.02    0.01    2.01 ^ opcode[1] (in)
                                         opcode[1] (net)
                  0.02    0.00    2.01 ^ input18/A (sky130_fd_sc_hd__dlymetal6s2s_1)
     5    0.02    0.21    0.21    2.22 ^ input18/X (sky130_fd_sc_hd__dlymetal6s2s_1)
                                         net18 (net)
                  0.21    0.00    2.22 ^ _222_/B (sky130_fd_sc_hd__nand3b_4)
     8    0.04    0.16    0.19    2.41 v _222_/Y (sky130_fd_sc_hd__nand3b_4)
                                         _150_ (net)
                  0.16    0.00    2.42 v _234_/C (sky130_fd_sc_hd__and3_1)
     2    0.01    0.06    0.26    2.68 v _234_/X (sky130_fd_sc_hd__and3_1)
                                         _001_ (net)
                  0.06    0.00    2.68 v _236_/A1 (sky130_fd_sc_hd__o21a_1)
     4    0.02    0.10    0.26    2.93 v _236_/X (sky130_fd_sc_hd__o21a_1)
                                         _003_ (net)
                  0.10    0.00    2.93 v _239_/B1 (sky130_fd_sc_hd__a211oi_2)
     3    0.01    0.26    0.31    3.24 ^ _239_/Y (sky130_fd_sc_hd__a211oi_2)
                                         _006_ (net)
                  0.26    0.00    3.24 ^ _241_/A2 (sky130_fd_sc_hd__o21ai_2)
     5    0.02    0.10    0.14    3.39 v _241_/Y (sky130_fd_sc_hd__o21ai_2)
                                         _008_ (net)
                  0.10    0.00    3.39 v _248_/A2 (sky130_fd_sc_hd__a311o_2)
     5    0.02    0.09    0.46    3.84 v _248_/X (sky130_fd_sc_hd__a311o_2)
                                         _015_ (net)
                  0.09    0.00    3.85 v _249_/C (sky130_fd_sc_hd__and3_1)
     1    0.00    0.03    0.20    4.05 v _249_/X (sky130_fd_sc_hd__and3_1)
                                         _016_ (net)
                  0.03    0.00    4.05 v _253_/A (sky130_fd_sc_hd__or3_1)
     1    0.00    0.06    0.38    4.42 v _253_/X (sky130_fd_sc_hd__or3_1)
                                         _020_ (net)
                  0.06    0.00    4.42 v _254_/B2 (sky130_fd_sc_hd__a22oi_1)
     1    0.00    0.17    0.19    4.61 ^ _254_/Y (sky130_fd_sc_hd__a22oi_1)
                                         net25 (net)
                  0.17    0.00    4.61 ^ output25/A (sky130_fd_sc_hd__buf_2)
     1    0.03    0.17    0.25    4.86 ^ output25/X (sky130_fd_sc_hd__buf_2)
                                         out[5] (net)
                  0.17    0.00    4.86 ^ out[5] (out)
                                  4.86   data arrival time

                  0.00   10.00   10.00   clock __VIRTUAL_CLK__ (rise edge)
                          0.00   10.00   clock network delay (ideal)
                         -0.25    9.75   clock uncertainty
                          0.00    9.75   clock reconvergence pessimism
                         -2.00    7.75   output external delay
                                  7.75   data required time
-----------------------------------------------------------------------------
                                  7.75   data required time
                                 -4.86   data arrival time
-----------------------------------------------------------------------------
                                  2.89   slack (MET)


Startpoint: B[1] (input port clocked by __VIRTUAL_CLK__)
Endpoint: out[4] (output port clocked by __VIRTUAL_CLK__)
Path Group: __VIRTUAL_CLK__
Path Type: max
Corner: Typical

Fanout     Cap    Slew   Delay    Time   Description
-----------------------------------------------------------------------------
                  0.00    0.00    0.00   clock __VIRTUAL_CLK__ (rise edge)
                          0.00    0.00   clock network delay (ideal)
                          2.00    2.00 ^ input external delay
     1    0.00    0.02    0.01    2.01 ^ B[1] (in)
                                         B[1] (net)
                  0.02    0.00    2.01 ^ input10/A (sky130_fd_sc_hd__buf_1)
     3    0.01    0.13    0.14    2.15 ^ input10/X (sky130_fd_sc_hd__buf_1)
                                         net10 (net)
                  0.13    0.00    2.15 ^ _169_/A (sky130_fd_sc_hd__buf_2)
    10    0.04    0.19    0.25    2.40 ^ _169_/X (sky130_fd_sc_hd__buf_2)
                                         _097_ (net)
                  0.19    0.00    2.40 ^ _170_/A1 (sky130_fd_sc_hd__a22oi_1)
     2    0.00    0.09    0.14    2.54 v _170_/Y (sky130_fd_sc_hd__a22oi_1)
                                         _098_ (net)
                  0.09    0.00    2.54 v _172_/B_N (sky130_fd_sc_hd__and4bb_1)
     3    0.01    0.13    0.35    2.89 ^ _172_/X (sky130_fd_sc_hd__and4bb_1)
                                         _100_ (net)
                  0.13    0.00    2.89 ^ _185_/A (sky130_fd_sc_hd__nor2_1)
     2    0.01    0.05    0.09    2.98 v _185_/Y (sky130_fd_sc_hd__nor2_1)
                                         _113_ (net)
                  0.05    0.00    2.98 v _191_/A (sky130_fd_sc_hd__xnor2_1)
     2    0.01    0.24    0.26    3.24 ^ _191_/Y (sky130_fd_sc_hd__xnor2_1)
                                         _119_ (net)
                  0.24    0.00    3.24 ^ _193_/A3 (sky130_fd_sc_hd__a31o_1)
     2    0.01    0.12    0.25    3.49 ^ _193_/X (sky130_fd_sc_hd__a31o_1)
                                         _121_ (net)
                  0.12    0.00    3.49 ^ _194_/B (sky130_fd_sc_hd__xor2_1)
     2    0.01    0.21    0.24    3.73 ^ _194_/X (sky130_fd_sc_hd__xor2_1)
                                         _122_ (net)
                  0.21    0.00    3.73 ^ _321_/A (sky130_fd_sc_hd__xor2_1)
     1    0.01    0.21    0.25    3.98 ^ _321_/X (sky130_fd_sc_hd__xor2_1)
                                         _081_ (net)
                  0.21    0.00    3.98 ^ _328_/A2 (sky130_fd_sc_hd__a21oi_1)
     1    0.00    0.10    0.10    4.08 v _328_/Y (sky130_fd_sc_hd__a21oi_1)
                                         _088_ (net)
                  0.10    0.00    4.08 v _329_/B1 (sky130_fd_sc_hd__a21oi_1)
     1    0.00    0.13    0.16    4.24 ^ _329_/Y (sky130_fd_sc_hd__a21oi_1)
                                         net24 (net)
                  0.13    0.00    4.24 ^ output24/A (sky130_fd_sc_hd__buf_2)
     1    0.03    0.17    0.24    4.48 ^ output24/X (sky130_fd_sc_hd__buf_2)
                                         out[4] (net)
                  0.17    0.00    4.48 ^ out[4] (out)
                                  4.48   data arrival time

                  0.00   10.00   10.00   clock __VIRTUAL_CLK__ (rise edge)
                          0.00   10.00   clock network delay (ideal)
                         -0.25    9.75   clock uncertainty
                          0.00    9.75   clock reconvergence pessimism
                         -2.00    7.75   output external delay
                                  7.75   data required time
-----------------------------------------------------------------------------
                                  7.75   data required time
                                 -4.48   data arrival time
-----------------------------------------------------------------------------
                                  3.27   slack (MET)


Startpoint: opcode[1] (input port clocked by __VIRTUAL_CLK__)
Endpoint: out[3] (output port clocked by __VIRTUAL_CLK__)
Path Group: __VIRTUAL_CLK__
Path Type: max
Corner: Typical

Fanout     Cap    Slew   Delay    Time   Description
-----------------------------------------------------------------------------
                  0.00    0.00    0.00   clock __VIRTUAL_CLK__ (rise edge)
                          0.00    0.00   clock network delay (ideal)
                          2.00    2.00 ^ input external delay
     1    0.00    0.02    0.01    2.01 ^ opcode[1] (in)
                                         opcode[1] (net)
                  0.02    0.00    2.01 ^ input18/A (sky130_fd_sc_hd__dlymetal6s2s_1)
     5    0.02    0.21    0.21    2.22 ^ input18/X (sky130_fd_sc_hd__dlymetal6s2s_1)
                                         net18 (net)
                  0.21    0.00    2.22 ^ _222_/B (sky130_fd_sc_hd__nand3b_4)
     8    0.04    0.16    0.19    2.41 v _222_/Y (sky130_fd_sc_hd__nand3b_4)
                                         _150_ (net)
                  0.16    0.00    2.42 v _234_/C (sky130_fd_sc_hd__and3_1)
     2    0.01    0.06    0.26    2.68 v _234_/X (sky130_fd_sc_hd__and3_1)
                                         _001_ (net)
                  0.06    0.00    2.68 v _236_/A1 (sky130_fd_sc_hd__o21a_1)
     4    0.02    0.10    0.26    2.93 v _236_/X (sky130_fd_sc_hd__o21a_1)
                                         _003_ (net)
                  0.10    0.00    2.93 v _239_/B1 (sky130_fd_sc_hd__a211oi_2)
     3    0.01    0.26    0.31    3.24 ^ _239_/Y (sky130_fd_sc_hd__a211oi_2)
                                         _006_ (net)
                  0.26    0.00    3.24 ^ _241_/A2 (sky130_fd_sc_hd__o21ai_2)
     5    0.02    0.10    0.14    3.39 v _241_/Y (sky130_fd_sc_hd__o21ai_2)
                                         _008_ (net)
                  0.10    0.00    3.39 v _314_/A2 (sky130_fd_sc_hd__a31o_1)
     1    0.00    0.04    0.23    3.62 v _314_/X (sky130_fd_sc_hd__a31o_1)
                                         _075_ (net)
                  0.04    0.00    3.62 v _318_/A2 (sky130_fd_sc_hd__o21bai_1)
     1    0.00    0.12    0.13    3.75 ^ _318_/Y (sky130_fd_sc_hd__o21bai_1)
                                         _079_ (net)
                  0.12    0.00    3.75 ^ _319_/B1_N (sky130_fd_sc_hd__o21ba_1)
     1    0.00    0.03    0.17    3.92 v _319_/X (sky130_fd_sc_hd__o21ba_1)
                                         _080_ (net)
                  0.03    0.00    3.92 v _320_/B1 (sky130_fd_sc_hd__a21oi_1)
     1    0.01    0.18    0.17    4.09 ^ _320_/Y (sky130_fd_sc_hd__a21oi_1)
                                         net23 (net)
                  0.18    0.00    4.09 ^ output23/A (sky130_fd_sc_hd__clkbuf_4)
     1    0.03    0.11    0.24    4.33 ^ output23/X (sky130_fd_sc_hd__clkbuf_4)
                                         out[3] (net)
                  0.11    0.00    4.33 ^ out[3] (out)
                                  4.33   data arrival time

                  0.00   10.00   10.00   clock __VIRTUAL_CLK__ (rise edge)
                          0.00   10.00   clock network delay (ideal)
                         -0.25    9.75   clock uncertainty
                          0.00    9.75   clock reconvergence pessimism
                         -2.00    7.75   output external delay
                                  7.75   data required time
-----------------------------------------------------------------------------
                                  7.75   data required time
                                 -4.33   data arrival time
-----------------------------------------------------------------------------
                                  3.42   slack (MET)


Startpoint: opcode[1] (input port clocked by __VIRTUAL_CLK__)
Endpoint: out[1] (output port clocked by __VIRTUAL_CLK__)
Path Group: __VIRTUAL_CLK__
Path Type: max
Corner: Typical

Fanout     Cap    Slew   Delay    Time   Description
-----------------------------------------------------------------------------
                  0.00    0.00    0.00   clock __VIRTUAL_CLK__ (rise edge)
                          0.00    0.00   clock network delay (ideal)
                          2.00    2.00 ^ input external delay
     1    0.00    0.02    0.01    2.01 ^ opcode[1] (in)
                                         opcode[1] (net)
                  0.02    0.00    2.01 ^ input18/A (sky130_fd_sc_hd__dlymetal6s2s_1)
     5    0.02    0.21    0.21    2.22 ^ input18/X (sky130_fd_sc_hd__dlymetal6s2s_1)
                                         net18 (net)
                  0.21    0.00    2.22 ^ _222_/B (sky130_fd_sc_hd__nand3b_4)
     8    0.04    0.16    0.19    2.41 v _222_/Y (sky130_fd_sc_hd__nand3b_4)
                                         _150_ (net)
                  0.16    0.00    2.42 v _234_/C (sky130_fd_sc_hd__and3_1)
     2    0.01    0.06    0.26    2.68 v _234_/X (sky130_fd_sc_hd__and3_1)
                                         _001_ (net)
                  0.06    0.00    2.68 v _236_/A1 (sky130_fd_sc_hd__o21a_1)
     4    0.02    0.10    0.26    2.93 v _236_/X (sky130_fd_sc_hd__o21a_1)
                                         _003_ (net)
                  0.10    0.00    2.93 v _239_/B1 (sky130_fd_sc_hd__a211oi_2)
     3    0.01    0.26    0.31    3.24 ^ _239_/Y (sky130_fd_sc_hd__a211oi_2)
                                         _006_ (net)
                  0.26    0.00    3.24 ^ _300_/A (sky130_fd_sc_hd__or3_1)
     1    0.00    0.05    0.17    3.42 ^ _300_/X (sky130_fd_sc_hd__or3_1)
                                         _063_ (net)
                  0.05    0.00    3.42 ^ _301_/C_N (sky130_fd_sc_hd__or3b_1)
     1    0.00    0.06    0.35    3.77 v _301_/X (sky130_fd_sc_hd__or3b_1)
                                         _064_ (net)
                  0.06    0.00    3.77 v _302_/B2 (sky130_fd_sc_hd__o2bb2a_1)
     1    0.00    0.06    0.30    4.07 v _302_/X (sky130_fd_sc_hd__o2bb2a_1)
                                         net21 (net)
                  0.06    0.00    4.07 v output21/A (sky130_fd_sc_hd__buf_2)
     1    0.03    0.09    0.19    4.26 v output21/X (sky130_fd_sc_hd__buf_2)
                                         out[1] (net)
                  0.09    0.00    4.27 v out[1] (out)
                                  4.27   data arrival time

                  0.00   10.00   10.00   clock __VIRTUAL_CLK__ (rise edge)
                          0.00   10.00   clock network delay (ideal)
                         -0.25    9.75   clock uncertainty
                          0.00    9.75   clock reconvergence pessimism
                         -2.00    7.75   output external delay
                                  7.75   data required time
-----------------------------------------------------------------------------
                                  7.75   data required time
                                 -4.27   data arrival time
-----------------------------------------------------------------------------
                                  3.48   slack (MET)


Startpoint: opcode[1] (input port clocked by __VIRTUAL_CLK__)
Endpoint: out[2] (output port clocked by __VIRTUAL_CLK__)
Path Group: __VIRTUAL_CLK__
Path Type: max
Corner: Typical

Fanout     Cap    Slew   Delay    Time   Description
-----------------------------------------------------------------------------
                  0.00    0.00    0.00   clock __VIRTUAL_CLK__ (rise edge)
                          0.00    0.00   clock network delay (ideal)
                          2.00    2.00 ^ input external delay
     1    0.00    0.02    0.01    2.01 ^ opcode[1] (in)
                                         opcode[1] (net)
                  0.02    0.00    2.01 ^ input18/A (sky130_fd_sc_hd__dlymetal6s2s_1)
     5    0.02    0.21    0.21    2.22 ^ input18/X (sky130_fd_sc_hd__dlymetal6s2s_1)
                                         net18 (net)
                  0.21    0.00    2.22 ^ _222_/B (sky130_fd_sc_hd__nand3b_4)
     8    0.04    0.16    0.19    2.41 v _222_/Y (sky130_fd_sc_hd__nand3b_4)
                                         _150_ (net)
                  0.16    0.00    2.42 v _234_/C (sky130_fd_sc_hd__and3_1)
     2    0.01    0.06    0.26    2.68 v _234_/X (sky130_fd_sc_hd__and3_1)
                                         _001_ (net)
                  0.06    0.00    2.68 v _238_/B (sky130_fd_sc_hd__nor3_1)
     2    0.01    0.32    0.32    2.99 ^ _238_/Y (sky130_fd_sc_hd__nor3_1)
                                         _005_ (net)
                  0.32    0.00    2.99 ^ _239_/C1 (sky130_fd_sc_hd__a211oi_2)
     3    0.01    0.09    0.10    3.09 v _239_/Y (sky130_fd_sc_hd__a211oi_2)
                                         _006_ (net)
                  0.09    0.00    3.09 v _305_/C (sky130_fd_sc_hd__or3_1)
     1    0.00    0.07    0.34    3.43 v _305_/X (sky130_fd_sc_hd__or3_1)
                                         _067_ (net)
                  0.07    0.00    3.43 v _309_/A3 (sky130_fd_sc_hd__a31o_1)
     1    0.00    0.03    0.22    3.66 v _309_/X (sky130_fd_sc_hd__a31o_1)
                                         _071_ (net)
                  0.03    0.00    3.66 v _310_/B2 (sky130_fd_sc_hd__o2bb2a_1)
     1    0.00    0.06    0.29    3.95 v _310_/X (sky130_fd_sc_hd__o2bb2a_1)
                                         net22 (net)
                  0.06    0.00    3.95 v output22/A (sky130_fd_sc_hd__buf_2)
     1    0.03    0.09    0.19    4.14 v output22/X (sky130_fd_sc_hd__buf_2)
                                         out[2] (net)
                  0.09    0.00    4.14 v out[2] (out)
                                  4.14   data arrival time

                  0.00   10.00   10.00   clock __VIRTUAL_CLK__ (rise edge)
                          0.00   10.00   clock network delay (ideal)
                         -0.25    9.75   clock uncertainty
                          0.00    9.75   clock reconvergence pessimism
                         -2.00    7.75   output external delay
                                  7.75   data required time
-----------------------------------------------------------------------------
                                  7.75   data required time
                                 -4.14   data arrival time
-----------------------------------------------------------------------------
                                  3.61   slack (MET)


Startpoint: opcode[1] (input port clocked by __VIRTUAL_CLK__)
Endpoint: out[0] (output port clocked by __VIRTUAL_CLK__)
Path Group: __VIRTUAL_CLK__
Path Type: max
Corner: Typical

Fanout     Cap    Slew   Delay    Time   Description
-----------------------------------------------------------------------------
                  0.00    0.00    0.00   clock __VIRTUAL_CLK__ (rise edge)
                          0.00    0.00   clock network delay (ideal)
                          2.00    2.00 v input external delay
     1    0.00    0.01    0.00    2.00 v opcode[1] (in)
                                         opcode[1] (net)
                  0.01    0.00    2.00 v input18/A (sky130_fd_sc_hd__dlymetal6s2s_1)
     5    0.02    0.10    0.19    2.19 v input18/X (sky130_fd_sc_hd__dlymetal6s2s_1)
                                         net18 (net)
                  0.10    0.00    2.20 v _161_/B (sky130_fd_sc_hd__or2_1)
     3    0.01    0.09    0.29    2.48 v _161_/X (sky130_fd_sc_hd__or2_1)
                                         _089_ (net)
                  0.09    0.00    2.48 v _250_/C (sky130_fd_sc_hd__and3_1)
     4    0.02    0.12    0.29    2.77 v _250_/X (sky130_fd_sc_hd__and3_1)
                                         _017_ (net)
                  0.12    0.00    2.77 v _251_/A (sky130_fd_sc_hd__inv_2)
     5    0.02    0.10    0.14    2.91 ^ _251_/Y (sky130_fd_sc_hd__inv_2)
                                         _018_ (net)
                  0.10    0.00    2.91 ^ _290_/B1 (sky130_fd_sc_hd__a22oi_1)
     1    0.00    0.07    0.08    2.99 v _290_/Y (sky130_fd_sc_hd__a22oi_1)
                                         _054_ (net)
                  0.07    0.00    2.99 v _292_/A2 (sky130_fd_sc_hd__o32a_1)
     1    0.00    0.05    0.35    3.34 v _292_/X (sky130_fd_sc_hd__o32a_1)
                                         _056_ (net)
                  0.05    0.00    3.34 v _293_/B1 (sky130_fd_sc_hd__a21o_1)
     1    0.00    0.03    0.16    3.50 v _293_/X (sky130_fd_sc_hd__a21o_1)
                                         net20 (net)
                  0.03    0.00    3.50 v output20/A (sky130_fd_sc_hd__buf_2)
     1    0.03    0.09    0.18    3.69 v output20/X (sky130_fd_sc_hd__buf_2)
                                         out[0] (net)
                  0.09    0.00    3.69 v out[0] (out)
                                  3.69   data arrival time

                  0.00   10.00   10.00   clock __VIRTUAL_CLK__ (rise edge)
                          0.00   10.00   clock network delay (ideal)
                         -0.25    9.75   clock uncertainty
                          0.00    9.75   clock reconvergence pessimism
                         -2.00    7.75   output external delay
                                  7.75   data required time
-----------------------------------------------------------------------------
                                  7.75   data required time
                                 -3.69   data arrival time
-----------------------------------------------------------------------------
                                  4.06   slack (MET)



worst slack corner Typical: 2.7908
