
===========================================================================
report_checks -unconstrained
===========================================================================
======================= Typical Corner ===================================

Startpoint: opcode[0] (input port clocked by __VIRTUAL_CLK__)
Endpoint: out[5] (output port clocked by __VIRTUAL_CLK__)
Path Group: __VIRTUAL_CLK__
Path Type: max

Fanout     Cap    Slew   Delay    Time   Description
-----------------------------------------------------------------------------
                  0.00    0.00    0.00   clock __VIRTUAL_CLK__ (rise edge)
                          0.00    0.00   clock network delay (ideal)
                          2.00    2.00 v input external delay
     5    0.01    0.03    0.02    2.02 v opcode[0] (in)
                                         opcode[0] (net)
                  0.03    0.00    2.02 v _222_/A_N (sky130_fd_sc_hd__nand3b_2)
     8    0.03    0.19    0.31    2.33 v _222_/Y (sky130_fd_sc_hd__nand3b_2)
                                         _150_ (net)
                  0.19    0.00    2.33 v _234_/C (sky130_fd_sc_hd__and3_2)
     2    0.01    0.05    0.30    2.63 v _234_/X (sky130_fd_sc_hd__and3_2)
                                         _001_ (net)
                  0.05    0.00    2.63 v _236_/A1 (sky130_fd_sc_hd__o21a_2)
     4    0.01    0.06    0.25    2.88 v _236_/X (sky130_fd_sc_hd__o21a_2)
                                         _003_ (net)
                  0.06    0.00    2.88 v _239_/B1 (sky130_fd_sc_hd__a211oi_2)
     3    0.01    0.24    0.27    3.15 ^ _239_/Y (sky130_fd_sc_hd__a211oi_2)
                                         _006_ (net)
                  0.24    0.00    3.15 ^ _241_/A2 (sky130_fd_sc_hd__o21ai_2)
     5    0.02    0.09    0.13    3.28 v _241_/Y (sky130_fd_sc_hd__o21ai_2)
                                         _008_ (net)
                  0.09    0.00    3.28 v _248_/A2 (sky130_fd_sc_hd__a311o_2)
     5    0.02    0.09    0.45    3.73 v _248_/X (sky130_fd_sc_hd__a311o_2)
                                         _015_ (net)
                  0.09    0.00    3.73 v _249_/C (sky130_fd_sc_hd__and3_2)
     1    0.00    0.03    0.23    3.96 v _249_/X (sky130_fd_sc_hd__and3_2)
                                         _016_ (net)
                  0.03    0.00    3.96 v _253_/A (sky130_fd_sc_hd__or3_2)
     1    0.00    0.08    0.50    4.45 v _253_/X (sky130_fd_sc_hd__or3_2)
                                         _020_ (net)
                  0.08    0.00    4.45 v _254_/B2 (sky130_fd_sc_hd__a22oi_2)
     1    0.04    0.46    0.43    4.88 ^ _254_/Y (sky130_fd_sc_hd__a22oi_2)
                                         out[5] (net)
                  0.46    0.00    4.88 ^ out[5] (out)
                                  4.88   data arrival time

                  0.00   10.00   10.00   clock __VIRTUAL_CLK__ (rise edge)
                          0.00   10.00   clock network delay (ideal)
                         -0.25    9.75   clock uncertainty
                          0.00    9.75   clock reconvergence pessimism
                         -2.00    7.75   output external delay
                                  7.75   data required time
-----------------------------------------------------------------------------
                                  7.75   data required time
                                 -4.88   data arrival time
-----------------------------------------------------------------------------
                                  2.87   slack (MET)




===========================================================================
report_checks --slack_max -0.01
============================================================================
======================= Typical Corner ===================================

No paths found.


===========================================================================
 report_check_types -max_slew -max_cap -max_fanout -violators
============================================================================
======================= Typical Corner ===================================


max slew violations count Typical: 0
max fanout violations count Typical: 0
max cap violations count Typical: 0

===========================================================================
report_parasitic_annotation -report_unannotated
============================================================================
Found 0 unannotated drivers.
Found 0 partially unannotated drivers.

===========================================================================
max slew violation count 0
max fanout violation count 0
max cap violation count 0
============================================================================

===========================================================================
check_setup -verbose -unconstrained_endpoints -multiple_clock -no_clock -no_input_delay -loops -generated_clocks
===========================================================================
