
===========================================================================
report_checks -unconstrained
===========================================================================
======================= Typical Corner ===================================

Startpoint: _7858_ (rising edge-triggered flip-flop clocked by core_clock)
Endpoint: _7858_ (rising edge-triggered flip-flop clocked by core_clock)
Path Group: core_clock
Path Type: max

Fanout     Cap    Slew   Delay    Time   Description
-----------------------------------------------------------------------------
                          0.00    0.00   clock core_clock (rise edge)
                          0.00    0.00   clock source latency
     1    0.02    0.00    0.00    0.00 ^ clk (in)
                                         clk (net)
                  0.00    0.00    0.00 ^ clkbuf_0_clk/A (sky130_fd_sc_hd__clkbuf_16)
     8    0.03    0.06    0.12    0.12 ^ clkbuf_0_clk/X (sky130_fd_sc_hd__clkbuf_16)
                                         clknet_0_clk (net)
                  0.06    0.00    0.12 ^ clkbuf_3_6_0_clk/A (sky130_fd_sc_hd__clkbuf_8)
     2    0.02    0.05    0.13    0.25 ^ clkbuf_3_6_0_clk/X (sky130_fd_sc_hd__clkbuf_8)
                                         clknet_3_6_0_clk (net)
                  0.05    0.00    0.25 ^ clkbuf_4_13__f_clk/A (sky130_fd_sc_hd__clkbuf_16)
    13    0.05    0.08    0.15    0.40 ^ clkbuf_4_13__f_clk/X (sky130_fd_sc_hd__clkbuf_16)
                                         clknet_4_13__leaf_clk (net)
                  0.08    0.00    0.40 ^ clkbuf_leaf_95_clk/A (sky130_fd_sc_hd__clkbuf_8)
     9    0.02    0.05    0.14    0.55 ^ clkbuf_leaf_95_clk/X (sky130_fd_sc_hd__clkbuf_8)
                                         clknet_leaf_95_clk (net)
                  0.05    0.00    0.55 ^ _7858_/CLK (sky130_fd_sc_hd__dfxtp_1)
     3    0.01    0.05    0.32    0.86 v _7858_/Q (sky130_fd_sc_hd__dfxtp_1)
                                         rf.registers[15][30] (net)
                  0.05    0.00    0.86 v _5616_/A1 (sky130_fd_sc_hd__mux2_1)
     1    0.00    0.06    0.30    1.16 v _5616_/X (sky130_fd_sc_hd__mux2_1)
                                         _2775_ (net)
                  0.06    0.00    1.16 v _5617_/A (sky130_fd_sc_hd__clkbuf_1)
     1    0.00    0.04    0.11    1.27 v _5617_/X (sky130_fd_sc_hd__clkbuf_1)
                                         _0132_ (net)
                  0.04    0.00    1.27 v _7858_/D (sky130_fd_sc_hd__dfxtp_1)
                                  1.27   data arrival time

                         10.00   10.00   clock core_clock (rise edge)
                          0.00   10.00   clock source latency
     1    0.02    0.00    0.00   10.00 ^ clk (in)
                                         clk (net)
                  0.00    0.00   10.00 ^ clkbuf_0_clk/A (sky130_fd_sc_hd__clkbuf_16)
     8    0.03    0.06    0.12   10.12 ^ clkbuf_0_clk/X (sky130_fd_sc_hd__clkbuf_16)
                                         clknet_0_clk (net)
                  0.06    0.00   10.12 ^ clkbuf_3_6_0_clk/A (sky130_fd_sc_hd__clkbuf_8)
     2    0.02    0.05    0.13   10.25 ^ clkbuf_3_6_0_clk/X (sky130_fd_sc_hd__clkbuf_8)
                                         clknet_3_6_0_clk (net)
                  0.05    0.00   10.25 ^ clkbuf_4_13__f_clk/A (sky130_fd_sc_hd__clkbuf_16)
    13    0.05    0.08    0.15   10.40 ^ clkbuf_4_13__f_clk/X (sky130_fd_sc_hd__clkbuf_16)
                                         clknet_4_13__leaf_clk (net)
                  0.08    0.00   10.40 ^ clkbuf_leaf_95_clk/A (sky130_fd_sc_hd__clkbuf_8)
     9    0.02    0.05    0.14   10.55 ^ clkbuf_leaf_95_clk/X (sky130_fd_sc_hd__clkbuf_8)
                                         clknet_leaf_95_clk (net)
                  0.05    0.00   10.55 ^ _7858_/CLK (sky130_fd_sc_hd__dfxtp_1)
                          0.00   10.55   clock reconvergence pessimism
                         -0.11   10.44   library setup time
                                 10.44   data required time
-----------------------------------------------------------------------------
                                 10.44   data required time
                                 -1.27   data arrival time
-----------------------------------------------------------------------------
                                  9.17   slack (MET)




===========================================================================
report_checks --slack_max -0.01
============================================================================
======================= Typical Corner ===================================

No paths found.


===========================================================================
 report_check_types -max_slew -max_cap -max_fanout -violators
============================================================================
======================= Typical Corner ===================================


max slew violations count Typical: 0
max fanout violations count Typical: 0
max cap violations count Typical: 0

===========================================================================
report_parasitic_annotation -report_unannotated
============================================================================
Found 141 unannotated drivers.
 clkload0/X
 clkload1/Y
 clkload10/Y
 clkload100/Y
 clkload101/Y
 clkload102/Y
 clkload103/Y
 clkload104/Y
 clkload105/Y
 clkload106/Y
 clkload107/Y
 clkload108/Y
 clkload109/X
 clkload11/Y
 clkload110/Y
 clkload111/X
 clkload112/Y
 clkload113/Y
 clkload114/Y
 clkload115/Y
 clkload116/Y
 clkload117/Y
 clkload118/Y
 clkload119/Y
 clkload12/Y
 clkload120/Y
 clkload121/Y
 clkload122/Y
 clkload123/Y
 clkload124/Y
 clkload125/X
 clkload126/Y
 clkload127/Y
 clkload128/Y
 clkload129/Y
 clkload13/Y
 clkload130/X
 clkload131/X
 clkload132/Y
 clkload133/Y
 clkload134/Y
 clkload135/Y
 clkload136/Y
 clkload137/Y
 clkload138/Y
 clkload139/X
 clkload14/Y
 clkload140/Y
 clkload15/X
 clkload16/Y
 clkload17/Y
 clkload18/Y
 clkload19/Y
 clkload2/Y
 clkload20/Y
 clkload21/Y
 clkload22/X
 clkload23/Y
 clkload24/Y
 clkload25/Y
 clkload26/Y
 clkload27/Y
 clkload28/Y
 clkload29/Y
 clkload3/X
 clkload30/Y
 clkload31/Y
 clkload32/Y
 clkload33/Y
 clkload34/Y
 clkload35/X
 clkload36/X
 clkload37/X
 clkload38/Y
 clkload39/Y
 clkload4/Y
 clkload40/Y
 clkload41/X
 clkload42/Y
 clkload43/Y
 clkload44/X
 clkload45/Y
 clkload46/Y
 clkload47/Y
 clkload48/Y
 clkload49/Y
 clkload5/Y
 clkload50/Y
 clkload51/Y
 clkload52/Y
 clkload53/Y
 clkload54/Y
 clkload55/Y
 clkload56/Y
 clkload57/Y
 clkload58/Y
 clkload59/Y
 clkload6/X
 clkload60/X
 clkload61/X
 clkload62/Y
 clkload63/Y
 clkload64/Y
 clkload65/Y
 clkload66/Y
 clkload67/Y
 clkload68/X
 clkload69/Y
 clkload7/X
 clkload70/Y
 clkload71/Y
 clkload72/Y
 clkload73/Y
 clkload74/Y
 clkload75/Y
 clkload76/Y
 clkload77/Y
 clkload78/Y
 clkload79/Y
 clkload8/Y
 clkload80/Y
 clkload81/X
 clkload82/Y
 clkload83/Y
 clkload84/Y
 clkload85/Y
 clkload86/Y
 clkload87/Y
 clkload88/Y
 clkload89/X
 clkload9/Y
 clkload90/Y
 clkload91/Y
 clkload92/X
 clkload93/X
 clkload94/Y
 clkload95/Y
 clkload96/X
 clkload97/Y
 clkload98/Y
 clkload99/Y
Found 905 partially unannotated drivers.
 a2[0]
 a2[1]
 clk
 _3825_/X
 _3827_/Y
 _3828_/X
 _3832_/X
 _3833_/Y
 _3834_/X
 _3840_/X
 _3841_/X
 _3844_/X
 _3848_/X
 _3858_/X
 _3859_/X
 _3867_/X
 _3871_/X
 _3876_/X
 _3883_/X
 _3885_/X
 _3887_/X
 _3888_/X
 _3889_/X
 _3892_/X
 _3897_/X
 _3899_/X
 _3900_/X
 _3901_/X
 _3904_/X
 _3907_/X
 _3909_/X
 _3922_/X
 _3926_/X
 _3927_/X
 _3928_/X
 _3930_/X
 _3931_/X
 _3933_/X
 _3935_/X
 _3939_/X
 _3940_/X
 _3946_/X
 _3959_/X
 _3968_/X
 _3970_/X
 _3977_/Y
 _3984_/X
 _3985_/X
 _3988_/X
 _3994_/X
 _4000_/X
 _4020_/X
 _4037_/X
 _4042_/X
 _4043_/X
 _4048_/X
 _4049_/X
 _4054_/X
 _4055_/X
 _4056_/X
 _4059_/X
 _4060_/X
 _4064_/X
 _4068_/X
 _4069_/X
 _4071_/X
 _4072_/X
 _4074_/X
 _4077_/X
 _4080_/X
 _4081_/X
 _4082_/X
 _4083_/X
 _4084_/X
 _4085_/X
 _4086_/X
 _4090_/X
 _4091_/X
 _4094_/X
 _4096_/X
 _4097_/X
 _4098_/X
 _4102_/X
 _4105_/X
 _4106_/X
 _4114_/X
 _4121_/X
 _4129_/X
 _4132_/X
 _4134_/X
 _4138_/X
 _4145_/X
 _4146_/X
 _4147_/X
 _4148_/X
 _4149_/X
 _4153_/X
 _4157_/X
 _4160_/X
 _4166_/X
 _4167_/X
 _4168_/X
 _4172_/X
 _4175_/X
 _4176_/X
 _4177_/X
 _4179_/X
 _4184_/X
 _4185_/X
 _4188_/Y
 _4199_/X
 _4202_/X
 _4203_/X
 _4204_/X
 _4212_/X
 _4213_/X
 _4218_/X
 _4222_/X
 _4223_/Y
 _4224_/X
 _4234_/Y
 _4240_/Y
 _4241_/X
 _4245_/X
 _4248_/X
 _4255_/Y
 _4256_/Y
 _4257_/X
 _4258_/X
 _4259_/X
 _4260_/X
 _4261_/X
 _4264_/Y
 _4265_/X
 _4268_/X
 _4269_/X
 _4270_/X
 _4273_/X
 _4274_/X
 _4277_/X
 _4283_/Y
 _4285_/Y
 _4286_/Y
 _4288_/X
 _4289_/X
 _4294_/X
 _4295_/X
 _4296_/X
 _4298_/X
 _4299_/X
 _4303_/X
 _4306_/X
 _4307_/X
 _4311_/X
 _4316_/X
 _4317_/X
 _4318_/X
 _4322_/X
 _4325_/X
 _4330_/X
 _4331_/X
 _4332_/X
 _4333_/X
 _4336_/X
 _4337_/X
 _4338_/X
 _4339_/X
 _4340_/X
 _4341_/X
 _4342_/X
 _4346_/X
 _4352_/X
 _4354_/X
 _4356_/X
 _4358_/X
 _4360_/X
 _4361_/X
 _4366_/X
 _4377_/X
 _4378_/X
 _4381_/X
 _4390_/X
 _4396_/X
 _4397_/X
 _4399_/X
 _4402_/X
 _4403_/X
 _4404_/X
 _4407_/X
 _4418_/X
 _4419_/X
 _4429_/X
 _4430_/X
 _4439_/X
 _4440_/X
 _4444_/Y
 _4448_/X
 _4452_/X
 _4455_/X
 _4456_/X
 _4457_/X
 _4458_/X
 _4459_/X
 _4460_/X
 _4466_/X
 _4472_/X
 _4473_/X
 _4481_/X
 _4483_/Y
 _4487_/X
 _4495_/Y
 _4500_/X
 _4505_/X
 _4509_/X
 _4510_/X
 _4511_/X
 _4512_/X
 _4513_/X
 _4514_/X
 _4516_/X
 _4519_/X
 _4523_/X
 _4527_/X
 _4536_/X
 _4538_/Y
 _4539_/X
 _4540_/X
 _4548_/X
 _4550_/X
 _4551_/X
 _4553_/X
 _4556_/X
 _4567_/X
 _4581_/X
 _4582_/X
 _4584_/X
 _4588_/X
 _4591_/X
 _4592_/X
 _4598_/X
 _4600_/X
 _4605_/X
 _4608_/X
 _4611_/X
 _4615_/X
 _4627_/X
 _4644_/X
 _4645_/Y
 _4646_/X
 _4654_/X
 _4664_/X
 _4680_/X
 _4682_/X
 _4686_/X
 _4688_/X
 _4689_/X
 _4690_/X
 _4694_/X
 _4696_/X
 _4699_/X
 _4700_/X
 _4704_/X
 _4705_/X
 _4706_/X
 _4707_/X
 _4710_/X
 _4711_/X
 _4715_/X
 _4716_/X
 _4717_/X
 _4718_/X
 _4719_/X
 _4724_/X
 _4725_/X
 _4727_/X
 _4728_/X
 _4731_/X
 _4740_/Y
 _4745_/X
 _4748_/X
 _4756_/X
 _4757_/Y
 _4758_/X
 _4762_/X
 _4764_/X
 _4765_/X
 _4766_/X
 _4774_/Y
 _4778_/X
 _4781_/X
 _4788_/X
 _4791_/Y
 _4792_/X
 _4793_/X
 _4794_/X
 _4798_/X
 _4799_/X
 _4801_/X
 _4804_/X
 _4810_/X
 _4818_/X
 _4819_/X
 _4824_/X
 _4825_/X
 _4826_/X
 _4828_/X
 _4830_/X
 _4831_/Y
 _4837_/X
 _4845_/X
 _4846_/Y
 _4852_/X
 _4853_/X
 _4860_/Y
 _4861_/Y
 _4862_/X
 _4863_/X
 _4867_/X
 _4869_/X
 _4872_/Y
 _4879_/X
 _4881_/X
 _4882_/X
 _4884_/X
 _4891_/X
 _4894_/X
 _4896_/X
 _4908_/X
 _4909_/Y
 _4910_/X
 _4917_/X
 _4918_/X
 _4921_/Y
 _4922_/X
 _4930_/X
 _4941_/X
 _4945_/Y
 _4950_/X
 _4955_/X
 _4958_/X
 _4967_/X
 _4974_/X
 _4980_/X
 _4983_/Y
 _4990_/Y
 _4991_/Y
 _4995_/X
 _5006_/X
 _5007_/X
 _5027_/Y
 _5037_/X
 _5050_/Y
 _5051_/Y
 _5059_/X
 _5067_/X
 _5077_/X
 _5087_/X
 _5088_/Y
 _5102_/X
 _5114_/X
 _5129_/X
 _5249_/Y
 _5258_/X
 _5263_/X
 _5266_/X
 _5269_/X
 _5272_/X
 _5275_/X
 _5281_/X
 _5285_/X
 _5288_/X
 _5291_/X
 _5294_/X
 _5297_/X
 _5300_/X
 _5306_/X
 _5309_/X
 _5312_/X
 _5316_/X
 _5317_/X
 _5318_/X
 _5322_/X
 _5325_/X
 _5328_/X
 _5331_/X
 _5334_/X
 _5338_/X
 _5340_/X
 _5343_/X
 _5346_/X
 _5347_/X
 _5350_/X
 _5353_/X
 _5356_/X
 _5359_/X
 _5362_/X
 _5374_/X
 _5377_/X
 _5380_/X
 _5383_/X
 _5386_/Y
 _5387_/X
 _5393_/X
 _5396_/X
 _5399_/X
 _5402_/X
 _5408_/X
 _5411_/X
 _5414_/X
 _5417_/X
 _5418_/X
 _5421_/X
 _5424_/X
 _5427_/X
 _5430_/X
 _5433_/X
 _5436_/X
 _5439_/X
 _5442_/X
 _5445_/X
 _5448_/X
 _5449_/X
 _5452_/X
 _5458_/X
 _5461_/X
 _5464_/X
 _5481_/X
 _5482_/Y
 _5483_/X
 _5504_/X
 _5525_/X
 _5551_/X
 _5552_/Y
 _5553_/X
 _5559_/X
 _5574_/X
 _5579_/X
 _5595_/X
 _5598_/X
 _5605_/X
 _5621_/X
 _5642_/X
 _5663_/X
 _5688_/Y
 _5689_/X
 _5694_/X
 _5695_/X
 _5710_/X
 _5725_/X
 _5727_/X
 _5728_/X
 _5731_/X
 _5734_/X
 _5735_/X
 _5738_/X
 _5739_/X
 _5741_/X
 _5757_/Y
 _5758_/X
 _5779_/X
 _5800_/X
 _5826_/X
 _5847_/X
 _5868_/X
 _5894_/X
 _5915_/X
 _5936_/X
 _5962_/Y
 _5963_/X
 _5984_/X
 _6005_/X
 _6018_/X
 _6021_/X
 _6024_/X
 _6027_/X
 _6030_/X
 _6033_/X
 _6036_/X
 _6038_/X
 _6041_/X
 _6044_/X
 _6047_/X
 _6050_/X
 _6053_/X
 _6056_/X
 _6059_/X
 _6062_/X
 _6065_/X
 _6068_/X
 _6069_/X
 _6072_/X
 _6078_/X
 _6081_/X
 _6084_/X
 _6087_/X
 _6090_/X
 _6093_/X
 _6096_/X
 _6099_/X
 _6100_/X
 _6103_/X
 _6106_/X
 _6109_/X
 _6112_/X
 _6115_/X
 _6130_/Y
 _6131_/X
 _6152_/X
 _6173_/X
 _6200_/Y
 _6201_/X
 _6216_/X
 _6222_/X
 _6225_/X
 _6232_/X
 _6243_/X
 _6269_/X
 _6284_/X
 _6290_/X
 _6305_/X
 _6306_/X
 _6311_/X
 _6338_/X
 _6359_/X
 _6380_/X
 _6406_/X
 _6427_/X
 _6448_/X
 _6473_/Y
 _6474_/X
 _6495_/X
 _6516_/X
 _6542_/X
 _6557_/X
 _6558_/X
 _6563_/X
 _6593_/X
 _6610_/X
 _6631_/X
 _6652_/X
 _6677_/Y
 _6678_/X
 _6693_/X
 _6694_/X
 _6699_/X
 _6714_/X
 _6720_/X
 _6746_/X
 _6767_/X
 _6788_/X
 _6814_/X
 _6835_/X
 _6856_/X
 _6881_/Y
 _6882_/X
 _6903_/X
 _6924_/X
 _6950_/X
 _6971_/X
 _6992_/X
 _7018_/Y
 _7019_/X
 _7040_/X
 _7061_/X
 _7087_/X
 _7108_/X
 _7129_/X
 _7154_/Y
 _7155_/X
 _7176_/X
 _7197_/X
 _7223_/X
 _7244_/X
 _7265_/X
 _7290_/Y
 _7291_/X
 _7312_/X
 _7333_/X
 _7359_/X
 _7370_/X
 _7380_/X
 _7426_/Y
 _7427_/X
 _7448_/X
 _7469_/X
 _7502_/X
 _7523_/X
 _7548_/X
 _7549_/X
 _7550_/X
 _7551_/X
 _7552_/X
 _7553_/X
 _7556_/X
 _7557_/X
 _7559_/Y
 _7560_/X
 _7564_/X
 _7571_/X
 _7572_/X
 _7578_/Y
 _7581_/Y
 _7582_/X
 _7583_/X
 _7584_/X
 _7585_/X
 _7586_/X
 _7587_/X
 _7591_/X
 _7593_/X
 _7597_/X
 _7600_/Y
 _7606_/X
 _7608_/X
 _7625_/X
 _7627_/X
 _7629_/X
 _7630_/X
 _7639_/X
 _7640_/X
 _7641_/X
 _7642_/X
 _7643_/X
 _7645_/X
 _7646_/X
 _7647_/X
 _7650_/X
 _7651_/X
 _7653_/X
 _7654_/X
 _7655_/X
 _7659_/Y
 _7660_/X
 _7661_/X
 _7664_/X
 _7667_/X
 _7670_/X
 _7676_/X
 _7682_/X
 _7683_/X
 _7690_/X
 _7692_/X
 _7695_/X
 _7696_/X
 _7702_/X
 _7705_/Y
 _7707_/X
 _7709_/X
 _7710_/X
 _7721_/X
 _7723_/X
 _7736_/Q
 _7743_/Q
 _7757_/Q
 _7758_/Q
 _7759_/Q
 _7760_/Q
 _7775_/Q
 _7800_/Q
 _7802_/Q
 _7806_/Q
 _7820_/Q
 _7821_/Q
 _7849_/Q
 _7871_/Q
 _7881_/Q
 _7882_/Q
 _7884_/Q
 _7908_/Q
 _7926_/Q
 _7932_/Q
 _7935_/Q
 _7950_/Q
 _7967_/Q
 _7973_/Q
 _7980_/Q
 _7981_/Q
 _8012_/Q
 _8029_/Q
 _8038_/Q
 _8039_/Q
 _8050_/Q
 _8060_/Q
 _8093_/Q
 _8106_/Q
 _8141_/Q
 _8154_/Q
 _8169_/Q
 _8172_/Q
 _8175_/Q
 _8182_/Q
 _8184_/Q
 _8187_/Q
 _8200_/Q
 _8201_/Q
 _8204_/Q
 _8216_/Q
 _8228_/Q
 _8235_/Q
 _8236_/Q
 _8238_/Q
 _8240_/Q
 _8241_/Q
 _8265_/Q
 _8270_/Q
 _8300_/Q
 _8316_/Q
 _8322_/Q
 _8427_/Q
 _8474_/Q
 _8477_/Q
 _8502_/Q
 _8506_/Q
 _8522_/Q
 _8525_/Q
 _8535_/Q
 _8540_/Q
 _8552_/Q
 _8559_/Q
 _8561_/Q
 _8570_/Q
 _8575_/Q
 _8578_/Q
 _8580_/Q
 _8593_/Q
 _8604_/Q
 _8607_/Q
 _8620_/Q
 _8669_/Q
 _8681_/Q
 _8682_/Q
 _8691_/Q
 _8700_/Q
 _8703_/Q
 _8706_/Q
 _8708_/Q
 _8709_/Q
 _8731_/Q
 _8732_/Q
 _8738_/Q
 _8739_/Q
 _8740_/Q
 _8741_/Q
 _8743_/Q
 _8744_/Q
 clkbuf_0_clk/X
 clkbuf_3_0_0_clk/X
 clkbuf_3_1_0_clk/X
 clkbuf_3_2_0_clk/X
 clkbuf_3_3_0_clk/X
 clkbuf_3_4_0_clk/X
 clkbuf_3_5_0_clk/X
 clkbuf_3_6_0_clk/X
 clkbuf_3_7_0_clk/X
 clkbuf_4_0__f_clk/X
 clkbuf_4_10__f_clk/X
 clkbuf_4_11__f_clk/X
 clkbuf_4_12__f_clk/X
 clkbuf_4_13__f_clk/X
 clkbuf_4_14__f_clk/X
 clkbuf_4_15__f_clk/X
 clkbuf_4_1__f_clk/X
 clkbuf_4_2__f_clk/X
 clkbuf_4_3__f_clk/X
 clkbuf_4_4__f_clk/X
 clkbuf_4_5__f_clk/X
 clkbuf_4_6__f_clk/X
 clkbuf_4_7__f_clk/X
 clkbuf_4_8__f_clk/X
 clkbuf_4_9__f_clk/X
 clkbuf_leaf_0_clk/X
 clkbuf_leaf_100_clk/X
 clkbuf_leaf_101_clk/X
 clkbuf_leaf_102_clk/X
 clkbuf_leaf_103_clk/X
 clkbuf_leaf_104_clk/X
 clkbuf_leaf_106_clk/X
 clkbuf_leaf_107_clk/X
 clkbuf_leaf_109_clk/X
 clkbuf_leaf_111_clk/X
 clkbuf_leaf_112_clk/X
 clkbuf_leaf_115_clk/X
 clkbuf_leaf_116_clk/X
 clkbuf_leaf_118_clk/X
 clkbuf_leaf_119_clk/X
 clkbuf_leaf_11_clk/X
 clkbuf_leaf_121_clk/X
 clkbuf_leaf_123_clk/X
 clkbuf_leaf_126_clk/X
 clkbuf_leaf_127_clk/X
 clkbuf_leaf_12_clk/X
 clkbuf_leaf_130_clk/X
 clkbuf_leaf_132_clk/X
 clkbuf_leaf_135_clk/X
 clkbuf_leaf_138_clk/X
 clkbuf_leaf_139_clk/X
 clkbuf_leaf_141_clk/X
 clkbuf_leaf_142_clk/X
 clkbuf_leaf_143_clk/X
 clkbuf_leaf_146_clk/X
 clkbuf_leaf_14_clk/X
 clkbuf_leaf_150_clk/X
 clkbuf_leaf_151_clk/X
 clkbuf_leaf_153_clk/X
 clkbuf_leaf_156_clk/X
 clkbuf_leaf_158_clk/X
 clkbuf_leaf_15_clk/X
 clkbuf_leaf_16_clk/X
 clkbuf_leaf_17_clk/X
 clkbuf_leaf_18_clk/X
 clkbuf_leaf_1_clk/X
 clkbuf_leaf_21_clk/X
 clkbuf_leaf_23_clk/X
 clkbuf_leaf_27_clk/X
 clkbuf_leaf_28_clk/X
 clkbuf_leaf_30_clk/X
 clkbuf_leaf_31_clk/X
 clkbuf_leaf_32_clk/X
 clkbuf_leaf_39_clk/X
 clkbuf_leaf_3_clk/X
 clkbuf_leaf_41_clk/X
 clkbuf_leaf_43_clk/X
 clkbuf_leaf_44_clk/X
 clkbuf_leaf_46_clk/X
 clkbuf_leaf_4_clk/X
 clkbuf_leaf_50_clk/X
 clkbuf_leaf_51_clk/X
 clkbuf_leaf_52_clk/X
 clkbuf_leaf_53_clk/X
 clkbuf_leaf_55_clk/X
 clkbuf_leaf_59_clk/X
 clkbuf_leaf_5_clk/X
 clkbuf_leaf_60_clk/X
 clkbuf_leaf_62_clk/X
 clkbuf_leaf_63_clk/X
 clkbuf_leaf_65_clk/X
 clkbuf_leaf_66_clk/X
 clkbuf_leaf_67_clk/X
 clkbuf_leaf_68_clk/X
 clkbuf_leaf_69_clk/X
 clkbuf_leaf_72_clk/X
 clkbuf_leaf_75_clk/X
 clkbuf_leaf_76_clk/X
 clkbuf_leaf_77_clk/X
 clkbuf_leaf_78_clk/X
 clkbuf_leaf_79_clk/X
 clkbuf_leaf_7_clk/X
 clkbuf_leaf_81_clk/X
 clkbuf_leaf_84_clk/X
 clkbuf_leaf_85_clk/X
 clkbuf_leaf_86_clk/X
 clkbuf_leaf_88_clk/X
 clkbuf_leaf_89_clk/X
 clkbuf_leaf_93_clk/X
 clkbuf_leaf_94_clk/X
 clkbuf_leaf_95_clk/X
 clkbuf_leaf_96_clk/X
 clkbuf_leaf_98_clk/X
 clkbuf_leaf_99_clk/X
 clkbuf_leaf_9_clk/X
 input1/X
 input10/X
 input11/X
 input12/X
 input13/X
 input15/X
 input19/X
 input2/X
 input20/X
 input23/X
 input26/X
 input27/X
 input28/X
 input29/X
 input3/X
 input30/X
 input32/X
 input34/X
 input36/X
 input37/X
 input4/X
 input41/X
 input44/X
 input45/X
 input46/X
 input47/X
 input48/X
 input5/X
 input6/X
 input7/X
 input8/X
 input9/X
 output105/X
 output110/X
 output111/X
 output112/X
 output82/X
 output91/X
 output94/X
 output95/X
 wire145/X
 wire146/X
 wire147/X
 wire148/X
 wire149/X

===========================================================================
max slew violation count 0
max fanout violation count 0
max cap violation count 0
============================================================================

===========================================================================
check_setup -verbose -unconstrained_endpoints -multiple_clock -no_clock -no_input_delay -loops -generated_clocks
===========================================================================
Warning: There are 50 input ports missing set_input_delay.
  a1[0]
  a1[1]
  a1[2]
  a1[3]
  a1[4]
  a2[0]
  a2[1]
  a2[2]
  a2[3]
  a2[4]
  a3[0]
  a3[1]
  a3[2]
  a3[3]
  a3[4]
  opcode[0]
  opcode[1]
  wd3[0]
  wd3[10]
  wd3[11]
  wd3[12]
  wd3[13]
  wd3[14]
  wd3[15]
  wd3[16]
  wd3[17]
  wd3[18]
  wd3[19]
  wd3[1]
  wd3[20]
  wd3[21]
  wd3[22]
  wd3[23]
  wd3[24]
  wd3[25]
  wd3[26]
  wd3[27]
  wd3[28]
  wd3[29]
  wd3[2]
  wd3[30]
  wd3[31]
  wd3[3]
  wd3[4]
  wd3[5]
  wd3[6]
  wd3[7]
  wd3[8]
  wd3[9]
  we3
Warning: There are 96 unconstrained endpoints.
  alu_result[0]
  alu_result[10]
  alu_result[11]
  alu_result[12]
  alu_result[13]
  alu_result[14]
  alu_result[15]
  alu_result[16]
  alu_result[17]
  alu_result[18]
  alu_result[19]
  alu_result[1]
  alu_result[20]
  alu_result[21]
  alu_result[22]
  alu_result[23]
  alu_result[24]
  alu_result[25]
  alu_result[26]
  alu_result[27]
  alu_result[28]
  alu_result[29]
  alu_result[2]
  alu_result[30]
  alu_result[31]
  alu_result[3]
  alu_result[4]
  alu_result[5]
  alu_result[6]
  alu_result[7]
  alu_result[8]
  alu_result[9]
  rd1[0]
  rd1[10]
  rd1[11]
  rd1[12]
  rd1[13]
  rd1[14]
  rd1[15]
  rd1[16]
  rd1[17]
  rd1[18]
  rd1[19]
  rd1[1]
  rd1[20]
  rd1[21]
  rd1[22]
  rd1[23]
  rd1[24]
  rd1[25]
  rd1[26]
  rd1[27]
  rd1[28]
  rd1[29]
  rd1[2]
  rd1[30]
  rd1[31]
  rd1[3]
  rd1[4]
  rd1[5]
  rd1[6]
  rd1[7]
  rd1[8]
  rd1[9]
  rd2[0]
  rd2[10]
  rd2[11]
  rd2[12]
  rd2[13]
  rd2[14]
  rd2[15]
  rd2[16]
  rd2[17]
  rd2[18]
  rd2[19]
  rd2[1]
  rd2[20]
  rd2[21]
  rd2[22]
  rd2[23]
  rd2[24]
  rd2[25]
  rd2[26]
  rd2[27]
  rd2[28]
  rd2[29]
  rd2[2]
  rd2[30]
  rd2[31]
  rd2[3]
  rd2[4]
  rd2[5]
  rd2[6]
  rd2[7]
  rd2[8]
  rd2[9]
