
===========================================================================
 report_power
============================================================================
======================= Fastest Corner ===================================

Group                  Internal  Switching    Leakage      Total
                          Power      Power      Power      Power (Watts)
----------------------------------------------------------------
Sequential             6.02e-03   8.54e-04   1.49e-08   6.87e-03  36.7%
Combinational          2.81e-03   3.37e-03   2.87e-08   6.17e-03  33.0%
Clock                  2.87e-03   2.80e-03   1.43e-07   5.67e-03  30.3%
Macro                  0.00e+00   0.00e+00   0.00e+00   0.00e+00   0.0%
Pad                    0.00e+00   0.00e+00   0.00e+00   0.00e+00   0.0%
----------------------------------------------------------------
Total                  1.17e-02   7.02e-03   1.86e-07   1.87e-02 100.0%
                          62.5%      37.5%       0.0%

======================= Slowest Corner ===================================

Group                  Internal  Switching    Leakage      Total
                          Power      Power      Power      Power (Watts)
----------------------------------------------------------------
Sequential             4.08e-03   5.46e-04   1.48e-05   4.64e-03  36.2%
Combinational          1.98e-03   2.25e-03   3.10e-05   4.26e-03  33.3%
Clock                  2.07e-03   1.84e-03   3.25e-06   3.91e-03  30.5%
Macro                  0.00e+00   0.00e+00   0.00e+00   0.00e+00   0.0%
Pad                    0.00e+00   0.00e+00   0.00e+00   0.00e+00   0.0%
----------------------------------------------------------------
Total                  8.13e-03   4.63e-03   4.91e-05   1.28e-02 100.0%
                          63.5%      36.2%       0.4%

======================= Typical Corner ===================================

Group                  Internal  Switching    Leakage      Total
                          Power      Power      Power      Power (Watts)
----------------------------------------------------------------
Sequential             5.21e-03   7.08e-04   8.57e-09   5.92e-03  36.6%
Combinational          2.51e-03   2.86e-03   2.00e-08   5.36e-03  33.2%
Clock                  2.52e-03   2.37e-03   1.35e-07   4.89e-03  30.3%
Macro                  0.00e+00   0.00e+00   0.00e+00   0.00e+00   0.0%
Pad                    0.00e+00   0.00e+00   0.00e+00   0.00e+00   0.0%
----------------------------------------------------------------
Total                  1.02e-02   5.93e-03   1.64e-07   1.62e-02 100.0%
                          63.3%      36.7%       0.0%

